<html>
<body>
<pre>
<h1>µVision Build Log</h1>
<h2>Tool Versions:</h2>
IDE-Version: µVision V5.25.2.0
Copyright (C) 2018 ARM Ltd and ARM Germany GmbH. All rights reserved.
License Information: fabien fholin aa Flex license: MDK-ARM Essential: 4 user(s) (mdk_essential) Support: Dec 2018
 
Tool Versions:
Toolchain:       MDK-ARM Essential: 4 user(s)  Version: 5.25.2.0
Toolchain Path:  C:\Keil_v5\ARM\ARMCC\Bin
C Compiler:      Armcc.exe V5.06 update 6 (build 750)
Assembler:       Armasm.exe V5.06 update 6 (build 750)
Linker/Locator:  ArmLink.exe V5.06 update 6 (build 750)
Library Manager: ArmAr.exe V5.06 update 6 (build 750)
Hex Converter:   FromElf.exe V5.06 update 6 (build 750)
CPU DLL:         SARMCM3.DLL V5.25.2.0
Dialog DLL:      DCM.DLL V1.17.1.0
Target DLL:      STLink\ST-LINKIII-KEIL_SWO.dll V3.0.1.0
Dialog DLL:      TCM.DLL V1.35.1.0
 
<h2>Project:</h2>
C:\Users\fholin\Desktop\loc2\ratophile\stm32L4FROMST\MDK-ARM\stm32L4FROMST.uvprojx
Project File Date:  10/29/2018

<h2>Output:</h2>
*** Using Compiler 'V5.06 update 6 (build 750)', folder: 'C:\Keil_v5\ARM\ARMCC\Bin'
*** Warning: Using Microlib and C++ file(s) might cause the linker to fail !
  
Build target 'stm32L4FROMST'
compiling lptim.cpp...
compiling usart.cpp...
compiling gpio.cpp...
compiling i2c.cpp...
compiling main.cpp...
compiling rtc.cpp...
compiling spi.cpp...
compiling system_stm32l4xx.cpp...
compiling wwdg.cpp...
compiling ClassSTM32L4.cpp...
..\McuApi\ClassSTM32L4.cpp(798): warning:  #940-D: missing return statement at end of non-void function "McuSTM32L4::GetValueDigitalInPin" 
  };
..\McuApi\ClassSTM32L4.cpp: 1 warning, 0 errors
linking...
stm32L4FROMST\stm32L4FROMST.axf: Warning: L6304W: Duplicate input file stm32l4fromst\system_stm32l4xx_1.o ignored.
Program Size: Code=10120 RO-data=500 RW-data=20 ZI-data=3508  
Finished: 0 information, 1 warning and 0 error messages.
FromELF: creating hex file...
"stm32L4FROMST\stm32L4FROMST.axf" - 0 Error(s), 2 Warning(s).

<h2>Software Packages used:</h2>

Package Vendor: ARM
                http://www.keil.com/pack/ARM.CMSIS.5.3.0.pack
                ARM.CMSIS.5.3.0
                CMSIS (Cortex Microcontroller Software Interface Standard)
   * Component: CORE Version: 5.1.1

Package Vendor: Keil
                http://www.keil.com/pack/Keil.STM32L4xx_DFP.2.0.0.pack
                Keil.STM32L4xx_DFP.2.0.0
                STMicroelectronics STM32L4 Series Device Support, Drivers and Examples

<h2>Collection of Component include folders:</h2>
  .\RTE\_stm32L4FROMST
  C:\Keil_v5\ARM\PACK\ARM\CMSIS\5.3.0\CMSIS\Include
  C:\Keil_v5\ARM\PACK\Keil\STM32L4xx_DFP\2.0.0\Drivers\CMSIS\Device\ST\STM32L4xx\Include

<h2>Collection of Component Files used:</h2>

   * Component: ARM::CMSIS:CORE:5.1.1
Build Time Elapsed:  00:00:32
</pre>
</body>
</html>
