Component: ARM Compiler 5.06 update 6 (build 750) Tool: armlink [4d35ed]

==============================================================================

Section Cross References

    startup_stm32l476xx.o(RESET) refers to startup_stm32l476xx.o(STACK) for __initial_sp
    startup_stm32l476xx.o(RESET) refers to startup_stm32l476xx.o(.text) for Reset_Handler
    startup_stm32l476xx.o(RESET) refers to stm32l4xx_it_1.o(i.NMI_Handler) for NMI_Handler
    startup_stm32l476xx.o(RESET) refers to stm32l4xx_it_1.o(i.HardFault_Handler) for HardFault_Handler
    startup_stm32l476xx.o(RESET) refers to stm32l4xx_it_1.o(i.MemManage_Handler) for MemManage_Handler
    startup_stm32l476xx.o(RESET) refers to stm32l4xx_it_1.o(i.BusFault_Handler) for BusFault_Handler
    startup_stm32l476xx.o(RESET) refers to stm32l4xx_it_1.o(i.UsageFault_Handler) for UsageFault_Handler
    startup_stm32l476xx.o(RESET) refers to stm32l4xx_it_1.o(i.SVC_Handler) for SVC_Handler
    startup_stm32l476xx.o(RESET) refers to stm32l4xx_it_1.o(i.DebugMon_Handler) for DebugMon_Handler
    startup_stm32l476xx.o(RESET) refers to stm32l4xx_it_1.o(i.PendSV_Handler) for PendSV_Handler
    startup_stm32l476xx.o(RESET) refers to stm32l4xx_it_1.o(i.SysTick_Handler) for SysTick_Handler
    startup_stm32l476xx.o(RESET) refers to stm32l4xx_it_1.o(i.RTC_WKUP_IRQHandler) for RTC_WKUP_IRQHandler
    startup_stm32l476xx.o(RESET) refers to stm32l4xx_it_1.o(i.EXTI3_IRQHandler) for EXTI3_IRQHandler
    startup_stm32l476xx.o(RESET) refers to stm32l4xx_it_1.o(i.I2C1_EV_IRQHandler) for I2C1_EV_IRQHandler
    startup_stm32l476xx.o(RESET) refers to stm32l4xx_it_1.o(i.EXTI15_10_IRQHandler) for EXTI15_10_IRQHandler
    startup_stm32l476xx.o(RESET) refers to stm32l4xx_it_1.o(i.LPTIM1_IRQHandler) for LPTIM1_IRQHandler
    startup_stm32l476xx.o(.text) refers to system_stm32l4xx_1.o(i.SystemInit) for SystemInit
    startup_stm32l476xx.o(.text) refers to entry.o(.ARM.Collect$$$$00000000) for __main
    gpio_1.o(i.MX_GPIO_Init) refers to stm32l4xx_hal_gpio.o(i.HAL_GPIO_WritePin) for HAL_GPIO_WritePin
    gpio_1.o(i.MX_GPIO_Init) refers to stm32l4xx_hal_gpio.o(i.HAL_GPIO_Init) for HAL_GPIO_Init
    gpio_1.o(i.MX_GPIO_Init) refers to stm32l4xx_hal_cortex.o(i.HAL_NVIC_SetPriority) for HAL_NVIC_SetPriority
    gpio_1.o(i.MX_GPIO_Init) refers to stm32l4xx_hal_cortex.o(i.HAL_NVIC_EnableIRQ) for HAL_NVIC_EnableIRQ
    gpio_1.o(.ARM.exidx) refers to gpio_1.o(i.MX_GPIO_Init) for i.MX_GPIO_Init
    i2c_1.o(i.HAL_I2C_MspDeInit) refers to stm32l4xx_hal_gpio.o(i.HAL_GPIO_DeInit) for HAL_GPIO_DeInit
    i2c_1.o(i.HAL_I2C_MspDeInit) refers to stm32l4xx_hal_cortex.o(i.HAL_NVIC_DisableIRQ) for HAL_NVIC_DisableIRQ
    i2c_1.o(i.HAL_I2C_MspInit) refers to stm32l4xx_hal_gpio.o(i.HAL_GPIO_Init) for HAL_GPIO_Init
    i2c_1.o(i.HAL_I2C_MspInit) refers to stm32l4xx_hal_cortex.o(i.HAL_NVIC_SetPriority) for HAL_NVIC_SetPriority
    i2c_1.o(i.HAL_I2C_MspInit) refers to stm32l4xx_hal_cortex.o(i.HAL_NVIC_EnableIRQ) for HAL_NVIC_EnableIRQ
    i2c_1.o(i.MX_I2C1_Init) refers to stm32l4xx_hal_i2c.o(i.HAL_I2C_Init) for HAL_I2C_Init
    i2c_1.o(i.MX_I2C1_Init) refers to main_1.o(i._Error_Handler) for _Error_Handler
    i2c_1.o(i.MX_I2C1_Init) refers to stm32l4xx_hal_i2c_ex.o(i.HAL_I2CEx_ConfigAnalogFilter) for HAL_I2CEx_ConfigAnalogFilter
    i2c_1.o(i.MX_I2C1_Init) refers to stm32l4xx_hal_i2c_ex.o(i.HAL_I2CEx_ConfigDigitalFilter) for HAL_I2CEx_ConfigDigitalFilter
    i2c_1.o(i.MX_I2C1_Init) refers to i2c_1.o(.bss) for .bss
    i2c_1.o(.ARM.exidx) refers to i2c_1.o(i.MX_I2C1_Init) for i.MX_I2C1_Init
    i2c_1.o(.ARM.exidx) refers to i2c_1.o(i.HAL_I2C_MspInit) for i.HAL_I2C_MspInit
    i2c_1.o(.ARM.exidx) refers to i2c_1.o(i.HAL_I2C_MspDeInit) for i.HAL_I2C_MspDeInit
    lptim_1.o(i.HAL_LPTIM_MspDeInit) refers to stm32l4xx_hal_cortex.o(i.HAL_NVIC_DisableIRQ) for HAL_NVIC_DisableIRQ
    lptim_1.o(i.HAL_LPTIM_MspInit) refers to stm32l4xx_hal_cortex.o(i.HAL_NVIC_SetPriority) for HAL_NVIC_SetPriority
    lptim_1.o(i.HAL_LPTIM_MspInit) refers to stm32l4xx_hal_cortex.o(i.HAL_NVIC_EnableIRQ) for HAL_NVIC_EnableIRQ
    lptim_1.o(i.MX_LPTIM1_Init) refers to stm32l4xx_hal_lptim.o(i.HAL_LPTIM_Init) for HAL_LPTIM_Init
    lptim_1.o(i.MX_LPTIM1_Init) refers to main_1.o(i._Error_Handler) for _Error_Handler
    lptim_1.o(i.MX_LPTIM1_Init) refers to lptim_1.o(.bss) for .bss
    lptim_1.o(.ARM.exidx) refers to lptim_1.o(i.MX_LPTIM1_Init) for i.MX_LPTIM1_Init
    lptim_1.o(.ARM.exidx) refers to lptim_1.o(i.HAL_LPTIM_MspInit) for i.HAL_LPTIM_MspInit
    lptim_1.o(.ARM.exidx) refers to lptim_1.o(i.HAL_LPTIM_MspDeInit) for i.HAL_LPTIM_MspDeInit
    main_1.o(i.SystemClock_Config) refers to stm32l4xx_hal_rcc.o(i.HAL_RCC_OscConfig) for HAL_RCC_OscConfig
    main_1.o(i.SystemClock_Config) refers to stm32l4xx_hal_rcc.o(i.HAL_RCC_ClockConfig) for HAL_RCC_ClockConfig
    main_1.o(i.SystemClock_Config) refers to stm32l4xx_hal_rcc_ex.o(i.HAL_RCCEx_PeriphCLKConfig) for HAL_RCCEx_PeriphCLKConfig
[...]
    Removing stm32l4xx_hal_rcc_ex.o(i.HAL_RCCEx_EnableLSECSS), (20 bytes).
    Removing stm32l4xx_hal_rcc_ex.o(i.HAL_RCCEx_EnableLSECSS_IT), (56 bytes).
    Removing stm32l4xx_hal_rcc_ex.o(i.HAL_RCCEx_EnableMSIPLLMode), (16 bytes).
    Removing stm32l4xx_hal_rcc_ex.o(i.HAL_RCCEx_EnablePLLSAI1), (144 bytes).
    Removing stm32l4xx_hal_rcc_ex.o(i.HAL_RCCEx_EnablePLLSAI2), (128 bytes).
    Removing stm32l4xx_hal_rcc_ex.o(i.HAL_RCCEx_GetPeriphCLKConfig), (288 bytes).
    Removing stm32l4xx_hal_rcc_ex.o(i.HAL_RCCEx_GetPeriphCLKFreq), (1166 bytes).
    Removing stm32l4xx_hal_rcc_ex.o(i.HAL_RCCEx_LSECSS_Callback), (2 bytes).
    Removing stm32l4xx_hal_rcc_ex.o(i.HAL_RCCEx_LSECSS_IRQHandler), (24 bytes).
    Removing stm32l4xx_hal_rcc_ex.o(i.HAL_RCCEx_StandbyMSIRangeConfig), (24 bytes).
    Removing stm32l4xx_hal_rcc_ex.o(i.HAL_RCCEx_WakeUpStopCLKConfig), (20 bytes).
    Removing stm32l4xx_hal_flash.o(.rev16_text), (4 bytes).
    Removing stm32l4xx_hal_flash.o(.revsh_text), (4 bytes).
    Removing stm32l4xx_hal_flash.o(.rrx_text), (6 bytes).
    Removing stm32l4xx_hal_flash.o(i.FLASH_Program_DoubleWord), (24 bytes).
    Removing stm32l4xx_hal_flash.o(i.FLASH_Program_Fast), (36 bytes).
    Removing stm32l4xx_hal_flash.o(i.FLASH_WaitForLastOperation), (116 bytes).
    Removing stm32l4xx_hal_flash.o(i.HAL_FLASH_EndOfOperationCallback), (2 bytes).
    Removing stm32l4xx_hal_flash.o(i.HAL_FLASH_GetError), (12 bytes).
    Removing stm32l4xx_hal_flash.o(i.HAL_FLASH_IRQHandler), (256 bytes).
    Removing stm32l4xx_hal_flash.o(i.HAL_FLASH_Lock), (20 bytes).
    Removing stm32l4xx_hal_flash.o(i.HAL_FLASH_OB_Launch), (24 bytes).
    Removing stm32l4xx_hal_flash.o(i.HAL_FLASH_OB_Lock), (20 bytes).
    Removing stm32l4xx_hal_flash.o(i.HAL_FLASH_OB_Unlock), (36 bytes).
    Removing stm32l4xx_hal_flash.o(i.HAL_FLASH_OperationErrorCallback), (2 bytes).
    Removing stm32l4xx_hal_flash.o(i.HAL_FLASH_Program), (170 bytes).
    Removing stm32l4xx_hal_flash.o(i.HAL_FLASH_Program_IT), (120 bytes).
    Removing stm32l4xx_hal_flash.o(i.HAL_FLASH_Unlock), (40 bytes).
    Removing stm32l4xx_hal_flash.o(.data), (32 bytes).
    Removing stm32l4xx_hal_flash_ex.o(.rev16_text), (4 bytes).
    Removing stm32l4xx_hal_flash_ex.o(.revsh_text), (4 bytes).
    Removing stm32l4xx_hal_flash_ex.o(.rrx_text), (6 bytes).
    Removing stm32l4xx_hal_flash_ex.o(i.FLASH_FlushCaches), (84 bytes).
    Removing stm32l4xx_hal_flash_ex.o(i.FLASH_MassErase), (40 bytes).
    Removing stm32l4xx_hal_flash_ex.o(i.FLASH_OB_GetPCROP), (140 bytes).
    Removing stm32l4xx_hal_flash_ex.o(i.FLASH_OB_PCROPConfig), (200 bytes).
    Removing stm32l4xx_hal_flash_ex.o(i.FLASH_OB_UserConfig), (248 bytes).
    Removing stm32l4xx_hal_flash_ex.o(i.FLASH_OB_WRPConfig), (124 bytes).
    Removing stm32l4xx_hal_flash_ex.o(i.FLASH_PageErase), (52 bytes).
    Removing stm32l4xx_hal_flash_ex.o(i.HAL_FLASHEx_Erase), (234 bytes).
    Removing stm32l4xx_hal_flash_ex.o(i.HAL_FLASHEx_Erase_IT), (148 bytes).
    Removing stm32l4xx_hal_flash_ex.o(i.HAL_FLASHEx_OBGetConfig), (152 bytes).
    Removing stm32l4xx_hal_flash_ex.o(i.HAL_FLASHEx_OBProgram), (172 bytes).
    Removing stm32l4xx_hal_flash_ramfunc.o(.rev16_text), (4 bytes).
    Removing stm32l4xx_hal_flash_ramfunc.o(.revsh_text), (4 bytes).
    Removing stm32l4xx_hal_flash_ramfunc.o(.rrx_text), (6 bytes).
    Removing stm32l4xx_hal_flash_ramfunc.o(i.HAL_FLASHEx_DisableRunPowerDown), (36 bytes).
    Removing stm32l4xx_hal_flash_ramfunc.o(i.HAL_FLASHEx_EnableRunPowerDown), (36 bytes).
    Removing stm32l4xx_hal_gpio.o(.rev16_text), (4 bytes).
    Removing stm32l4xx_hal_gpio.o(.revsh_text), (4 bytes).
    Removing stm32l4xx_hal_gpio.o(.rrx_text), (6 bytes).
    Removing stm32l4xx_hal_gpio.o(i.HAL_GPIO_DeInit), (338 bytes).
    Removing stm32l4xx_hal_gpio.o(i.HAL_GPIO_LockPin), (34 bytes).
    Removing stm32l4xx_hal_gpio.o(i.HAL_GPIO_ReadPin), (10 bytes).
    Removing stm32l4xx_hal_gpio.o(i.HAL_GPIO_TogglePin), (8 bytes).
    Removing stm32l4xx_hal_dma.o(.rev16_text), (4 bytes).
    Removing stm32l4xx_hal_dma.o(.revsh_text), (4 bytes).
    Removing stm32l4xx_hal_dma.o(.rrx_text), (6 bytes).
    Removing stm32l4xx_hal_dma.o(i.DMA_SetConfig), (46 bytes).
    Removing stm32l4xx_hal_dma.o(i.HAL_DMA_Abort), (58 bytes).
    Removing stm32l4xx_hal_dma.o(i.HAL_DMA_Abort_IT), (78 bytes).
    Removing stm32l4xx_hal_dma.o(i.HAL_DMA_DeInit), (156 bytes).
    Removing stm32l4xx_hal_dma.o(i.HAL_DMA_GetError), (4 bytes).
    Removing stm32l4xx_hal_dma.o(i.HAL_DMA_GetState), (6 bytes).
    Removing stm32l4xx_hal_dma.o(i.HAL_DMA_IRQHandler), (186 bytes).
    Removing stm32l4xx_hal_dma.o(i.HAL_DMA_Init), (192 bytes).
    Removing stm32l4xx_hal_dma.o(i.HAL_DMA_PollForTransfer), (222 bytes).
    Removing stm32l4xx_hal_dma.o(i.HAL_DMA_RegisterCallback), (74 bytes).
    Removing stm32l4xx_hal_dma.o(i.HAL_DMA_Start), (80 bytes).
    Removing stm32l4xx_hal_dma.o(i.HAL_DMA_Start_IT), (112 bytes).
    Removing stm32l4xx_hal_dma.o(i.HAL_DMA_UnRegisterCallback), (82 bytes).
    Removing stm32l4xx_hal_dma_ex.o(.rev16_text), (4 bytes).
    Removing stm32l4xx_hal_dma_ex.o(.revsh_text), (4 bytes).
    Removing stm32l4xx_hal_dma_ex.o(.rrx_text), (6 bytes).
    Removing stm32l4xx_hal_pwr.o(.rev16_text), (4 bytes).
    Removing stm32l4xx_hal_pwr.o(.revsh_text), (4 bytes).
    Removing stm32l4xx_hal_pwr.o(.rrx_text), (6 bytes).
    Removing stm32l4xx_hal_pwr.o(i.HAL_PWR_ConfigPVD), (128 bytes).
    Removing stm32l4xx_hal_pwr.o(i.HAL_PWR_DeInit), (24 bytes).
    Removing stm32l4xx_hal_pwr.o(i.HAL_PWR_DisableBkUpAccess), (16 bytes).
    Removing stm32l4xx_hal_pwr.o(i.HAL_PWR_DisablePVD), (16 bytes).
    Removing stm32l4xx_hal_pwr.o(i.HAL_PWR_DisableSEVOnPend), (16 bytes).
    Removing stm32l4xx_hal_pwr.o(i.HAL_PWR_DisableSleepOnExit), (16 bytes).
    Removing stm32l4xx_hal_pwr.o(i.HAL_PWR_DisableWakeUpPin), (20 bytes).
    Removing stm32l4xx_hal_pwr.o(i.HAL_PWR_EnableBkUpAccess), (16 bytes).
    Removing stm32l4xx_hal_pwr.o(i.HAL_PWR_EnablePVD), (16 bytes).
    Removing stm32l4xx_hal_pwr.o(i.HAL_PWR_EnableSEVOnPend), (16 bytes).
    Removing stm32l4xx_hal_pwr.o(i.HAL_PWR_EnableSleepOnExit), (16 bytes).
    Removing stm32l4xx_hal_pwr.o(i.HAL_PWR_EnableWakeUpPin), (28 bytes).
    Removing stm32l4xx_hal_pwr.o(i.HAL_PWR_EnterSLEEPMode), (68 bytes).
    Removing stm32l4xx_hal_pwr.o(i.HAL_PWR_EnterSTANDBYMode), (36 bytes).
    Removing stm32l4xx_hal_pwr.o(i.HAL_PWR_EnterSTOPMode), (16 bytes).
    Removing stm32l4xx_hal_pwr.o(i.HAL_PWR_PVDCallback), (2 bytes).
    Removing stm32l4xx_hal_pwr_ex.o(.rev16_text), (4 bytes).
    Removing stm32l4xx_hal_pwr_ex.o(.revsh_text), (4 bytes).
    Removing stm32l4xx_hal_pwr_ex.o(.rrx_text), (6 bytes).
    Removing stm32l4xx_hal_pwr_ex.o(i.HAL_PWREx_ConfigPVM), (404 bytes).
    Removing stm32l4xx_hal_pwr_ex.o(i.HAL_PWREx_DisableBatteryCharging), (16 bytes).
    Removing stm32l4xx_hal_pwr_ex.o(i.HAL_PWREx_DisableGPIOPullDown), (104 bytes).
    Removing stm32l4xx_hal_pwr_ex.o(i.HAL_PWREx_DisableGPIOPullUp), (100 bytes).
    Removing stm32l4xx_hal_pwr_ex.o(i.HAL_PWREx_DisableInternalWakeUpLine), (16 bytes).
    Removing stm32l4xx_hal_pwr_ex.o(i.HAL_PWREx_DisableLowPowerRunMode), (64 bytes).
    Removing stm32l4xx_hal_pwr_ex.o(i.HAL_PWREx_DisablePVM1), (16 bytes).
    Removing stm32l4xx_hal_pwr_ex.o(i.HAL_PWREx_DisablePVM2), (16 bytes).
    Removing stm32l4xx_hal_pwr_ex.o(i.HAL_PWREx_DisablePVM3), (16 bytes).
    Removing stm32l4xx_hal_pwr_ex.o(i.HAL_PWREx_DisablePVM4), (16 bytes).
    Removing stm32l4xx_hal_pwr_ex.o(i.HAL_PWREx_DisablePullUpPullDownConfig), (16 bytes).
    Removing stm32l4xx_hal_pwr_ex.o(i.HAL_PWREx_DisableSRAM2ContentRetention), (16 bytes).
    Removing stm32l4xx_hal_pwr_ex.o(i.HAL_PWREx_DisableVddIO2), (16 bytes).
    Removing stm32l4xx_hal_pwr_ex.o(i.HAL_PWREx_DisableVddUSB), (16 bytes).
    Removing stm32l4xx_hal_pwr_ex.o(i.HAL_PWREx_EnableBatteryCharging), (28 bytes).
    Removing stm32l4xx_hal_pwr_ex.o(i.HAL_PWREx_EnableGPIOPullDown), (156 bytes).
    Removing stm32l4xx_hal_pwr_ex.o(i.HAL_PWREx_EnableGPIOPullUp), (156 bytes).
    Removing stm32l4xx_hal_pwr_ex.o(i.HAL_PWREx_EnableInternalWakeUpLine), (16 bytes).
    Removing stm32l4xx_hal_pwr_ex.o(i.HAL_PWREx_EnableLowPowerRunMode), (16 bytes).
    Removing stm32l4xx_hal_pwr_ex.o(i.HAL_PWREx_EnablePVM1), (16 bytes).
    Removing stm32l4xx_hal_pwr_ex.o(i.HAL_PWREx_EnablePVM2), (16 bytes).
    Removing stm32l4xx_hal_pwr_ex.o(i.HAL_PWREx_EnablePVM3), (16 bytes).
    Removing stm32l4xx_hal_pwr_ex.o(i.HAL_PWREx_EnablePVM4), (16 bytes).
    Removing stm32l4xx_hal_pwr_ex.o(i.HAL_PWREx_EnablePullUpPullDownConfig), (16 bytes).
    Removing stm32l4xx_hal_pwr_ex.o(i.HAL_PWREx_EnableSRAM2ContentRetention), (16 bytes).
    Removing stm32l4xx_hal_pwr_ex.o(i.HAL_PWREx_EnableVddIO2), (16 bytes).
    Removing stm32l4xx_hal_pwr_ex.o(i.HAL_PWREx_EnableVddUSB), (16 bytes).
    Removing stm32l4xx_hal_pwr_ex.o(i.HAL_PWREx_EnterSHUTDOWNMode), (36 bytes).
    Removing stm32l4xx_hal_pwr_ex.o(i.HAL_PWREx_EnterSTOP0Mode), (52 bytes).
    Removing stm32l4xx_hal_pwr_ex.o(i.HAL_PWREx_EnterSTOP1Mode), (56 bytes).
    Removing stm32l4xx_hal_pwr_ex.o(i.HAL_PWREx_EnterSTOP2Mode), (56 bytes).
    Removing stm32l4xx_hal_pwr_ex.o(i.HAL_PWREx_PVD_PVM_IRQHandler), (88 bytes).
    Removing stm32l4xx_hal_pwr_ex.o(i.HAL_PWREx_PVM1Callback), (2 bytes).
    Removing stm32l4xx_hal_pwr_ex.o(i.HAL_PWREx_PVM2Callback), (2 bytes).
    Removing stm32l4xx_hal_pwr_ex.o(i.HAL_PWREx_PVM3Callback), (2 bytes).
    Removing stm32l4xx_hal_pwr_ex.o(i.HAL_PWREx_PVM4Callback), (2 bytes).
    Removing stm32l4xx_hal_cortex.o(.rev16_text), (4 bytes).
    Removing stm32l4xx_hal_cortex.o(.revsh_text), (4 bytes).
    Removing stm32l4xx_hal_cortex.o(.rrx_text), (6 bytes).
    Removing stm32l4xx_hal_cortex.o(i.HAL_MPU_ConfigRegion), (84 bytes).
    Removing stm32l4xx_hal_cortex.o(i.HAL_MPU_Disable), (28 bytes).
    Removing stm32l4xx_hal_cortex.o(i.HAL_MPU_Enable), (36 bytes).
    Removing stm32l4xx_hal_cortex.o(i.HAL_NVIC_ClearPendingIRQ), (22 bytes).
    Removing stm32l4xx_hal_cortex.o(i.HAL_NVIC_DisableIRQ), (22 bytes).
    Removing stm32l4xx_hal_cortex.o(i.HAL_NVIC_GetActive), (32 bytes).
    Removing stm32l4xx_hal_cortex.o(i.HAL_NVIC_GetPendingIRQ), (32 bytes).
    Removing stm32l4xx_hal_cortex.o(i.HAL_NVIC_GetPriority), (82 bytes).
    Removing stm32l4xx_hal_cortex.o(i.HAL_NVIC_GetPriorityGrouping), (16 bytes).
    Removing stm32l4xx_hal_cortex.o(i.HAL_NVIC_SetPendingIRQ), (22 bytes).
    Removing stm32l4xx_hal_cortex.o(i.HAL_NVIC_SystemReset), (36 bytes).
    Removing stm32l4xx_hal_iwdg.o(.rev16_text), (4 bytes).
    Removing stm32l4xx_hal_iwdg.o(.revsh_text), (4 bytes).
    Removing stm32l4xx_hal_iwdg.o(.rrx_text), (6 bytes).
    Removing stm32l4xx_hal_iwdg.o(i.HAL_IWDG_Refresh), (12 bytes).
    Removing classstm32l4.o(.rev16_text), (4 bytes).
    Removing classstm32l4.o(.revsh_text), (4 bytes).
    Removing classstm32l4.o(.rrx_text), (6 bytes).
    Removing classstm32l4.o(i._Z14FLASH_If_Checkj), (18 bytes).
    Removing classstm32l4.o(i._Z14FLASH_If_Erasej), (58 bytes).
    Removing classstm32l4.o(i._Z14FLASH_If_WritejPjj), (96 bytes).
    Removing classstm32l4.o(i._Z14FlashPageErasejj), (56 bytes).
    Removing classstm32l4.o(i._Z15IrqHandlerRadiov), (44 bytes).
    Removing classstm32l4.o(i._Z17WakeUpAlarmSecondi), (16 bytes).
    Removing classstm32l4.o(i._Z18WakeUpAlarmMSecondi), (24 bytes).
    Removing classstm32l4.o(i._Z19EepromMcuReadBufferjPht), (20 bytes).
    Removing classstm32l4.o(i._Z19FLASH_If_BankSwitchv), (92 bytes).
    Removing classstm32l4.o(i._Z20EepromMcuWriteBufferjPht), (128 bytes).
    Removing classstm32l4.o(i._Z22EepromMcuGetDeviceAddrv), (4 bytes).
    Removing classstm32l4.o(i._Z22EepromMcuSetDeviceAddrh), (2 bytes).
    Removing classstm32l4.o(i._Z29FLASH_If_WriteProtectionClearv), (54 bytes).
    Removing classstm32l4.o(i._Z6vprintPKcSt9__va_list), (48 bytes).
    Removing classstm32l4.o(i._ZN10McuSTM32L412RtcGetTimeMsEv), (120 bytes).
    Removing classstm32l4.o(i._ZN10McuSTM32L412StoreContextEPKvjj), (24 bytes).
    Removing classstm32l4.o(i._ZN10McuSTM32L413WatchDogStartEv), (2 bytes).
    Removing classstm32l4.o(i._ZN10McuSTM32L414RestoreContextEPhjj), (14 bytes).
    Removing classstm32l4.o(i._ZN10McuSTM32L415GotoSleepSecondEi), (32 bytes).
    Removing classstm32l4.o(i._ZN10McuSTM32L415WatchDogReleaseEv), (12 bytes).
    Removing classstm32l4.o(i._ZN10McuSTM32L416GotoSleepMSecondEi), (12 bytes).
    Removing classstm32l4.o(i._ZN10McuSTM32L416RtcGetTimeSecondEv), (92 bytes).
    Removing classstm32l4.o(i._ZN10McuSTM32L417AttachInterruptInEPFvPvES0_), (10 bytes).
    Removing classstm32l4.o(i._ZN10McuSTM32L417StartTimerMsecondEPFvPvES0_i), (32 bytes).
    Removing classstm32l4.o(i._ZN10McuSTM32L420GetValueDigitalInPinE7PinName), (128 bytes).
    Removing classstm32l4.o(i._ZN10McuSTM32L421LowPowerTimerLoRaInitEv), (16 bytes).
    Removing classstm32l4.o(i._ZN10McuSTM32L421SetValueDigitalOutPinE7PinNamei), (144 bytes).
    Removing classstm32l4.o(i._ZN10McuSTM32L422WriteFlashWithoutEraseEPhjj), (306 bytes).
    Removing classstm32l4.o(i._ZN10McuSTM32L47InitMcuEv), (128 bytes).
    Removing classstm32l4.o(i._ZN10McuSTM32L47InitSpiEv), (2 bytes).
    Removing classstm32l4.o(i._ZN10McuSTM32L47MMprintEPKcz), (18 bytes).
    Removing classstm32l4.o(i._ZN10McuSTM32L47RtcInitEv), (2 bytes).
    Removing classstm32l4.o(i._ZN10McuSTM32L48Init_IrqE7PinName), (2 bytes).
    Removing classstm32l4.o(i._ZN10McuSTM32L48SpiWriteEi), (32 bytes).
    Removing classstm32l4.o(i._ZN10McuSTM32L48UartInitEv), (2 bytes).
    Removing classstm32l4.o(.ARM.exidx), (8 bytes).
    Removing classstm32l4.o(.ARM.exidx), (8 bytes).
    Removing classstm32l4.o(.ARM.exidx), (8 bytes).
    Removing classstm32l4.o(.ARM.exidx), (8 bytes).
    Removing classstm32l4.o(.ARM.exidx), (8 bytes).
    Removing classstm32l4.o(.ARM.exidx), (8 bytes).
    Removing classstm32l4.o(.ARM.exidx), (8 bytes).
    Removing classstm32l4.o(.ARM.exidx), (8 bytes).
    Removing classstm32l4.o(.ARM.exidx), (8 bytes).
    Removing classstm32l4.o(.ARM.exidx), (8 bytes).
    Removing classstm32l4.o(.ARM.exidx), (8 bytes).
    Removing classstm32l4.o(.ARM.exidx), (8 bytes).
    Removing classstm32l4.o(.ARM.exidx), (8 bytes).
    Removing classstm32l4.o(.ARM.exidx), (8 bytes).
    Removing classstm32l4.o(.ARM.exidx), (8 bytes).
    Removing classstm32l4.o(.ARM.exidx), (8 bytes).
    Removing classstm32l4.o(.ARM.exidx), (8 bytes).
    Removing classstm32l4.o(.ARM.exidx), (8 bytes).
    Removing classstm32l4.o(.ARM.exidx), (8 bytes).
    Removing classstm32l4.o(.ARM.exidx), (8 bytes).
    Removing classstm32l4.o(.ARM.exidx), (8 bytes).
    Removing classstm32l4.o(.ARM.exidx), (8 bytes).
    Removing classstm32l4.o(.ARM.exidx), (8 bytes).
    Removing classstm32l4.o(.ARM.exidx), (8 bytes).
    Removing classstm32l4.o(.ARM.exidx), (8 bytes).
    Removing classstm32l4.o(.ARM.exidx), (8 bytes).
    Removing classstm32l4.o(.ARM.exidx), (8 bytes).
    Removing classstm32l4.o(.ARM.exidx), (8 bytes).
    Removing classstm32l4.o(.ARM.exidx), (8 bytes).
    Removing classstm32l4.o(.ARM.exidx), (8 bytes).
    Removing classstm32l4.o(.ARM.exidx), (8 bytes).
    Removing classstm32l4.o(.ARM.exidx), (8 bytes).
    Removing classstm32l4.o(.ARM.exidx), (8 bytes).
    Removing classstm32l4.o(.ARM.exidx), (8 bytes).
    Removing classstm32l4.o(.ARM.exidx), (8 bytes).
    Removing classstm32l4.o(.ARM.exidx), (8 bytes).
    Removing classstm32l4.o(.ARM.exidx), (8 bytes).
    Removing classstm32l4.o(.bss), (40 bytes).
    Removing classstm32l4.o(.bss), (2156 bytes).
    Removing classstm32l4.o(.data), (4 bytes).
    Removing classstm32l4.o(.data), (4 bytes).
    Removing dadd.o(.text), (350 bytes).
    Removing dmul.o(.text), (234 bytes).
    Removing ddiv.o(.text), (222 bytes).
    Removing dfixul.o(.text), (48 bytes).
    Removing cdrcmple.o(.text), (48 bytes).
    Removing depilogue.o(.text), (186 bytes).
    Removing main_1.o(.ARM.exidx), (8 bytes).
    Removing stm32l4xx_it_1.o(.ARM.exidx), (8 bytes).
    Removing classstm32l4.o(.ARM.exidx), (8 bytes).

689 unused section(s) (total 44154 bytes) removed from the image.

==============================================================================

Image Symbol Table

    Local Symbols

    Symbol Name                              Value     Ov Type        Size  Object(Section)

    ../Drivers/STM32L4xx_HAL_Driver/Src/stm32l4xx_hal.c 0x00000000   Number         0  stm32l4xx_hal.o ABSOLUTE
    ../Drivers/STM32L4xx_HAL_Driver/Src/stm32l4xx_hal_cortex.c 0x00000000   Number         0  stm32l4xx_hal_cortex.o ABSOLUTE
    ../Drivers/STM32L4xx_HAL_Driver/Src/stm32l4xx_hal_dma.c 0x00000000   Number         0  stm32l4xx_hal_dma.o ABSOLUTE
    ../Drivers/STM32L4xx_HAL_Driver/Src/stm32l4xx_hal_dma_ex.c 0x00000000   Number         0  stm32l4xx_hal_dma_ex.o ABSOLUTE
    ../Drivers/STM32L4xx_HAL_Driver/Src/stm32l4xx_hal_flash.c 0x00000000   Number         0  stm32l4xx_hal_flash.o ABSOLUTE
    ../Drivers/STM32L4xx_HAL_Driver/Src/stm32l4xx_hal_flash_ex.c 0x00000000   Number         0  stm32l4xx_hal_flash_ex.o ABSOLUTE
    ../Drivers/STM32L4xx_HAL_Driver/Src/stm32l4xx_hal_flash_ramfunc.c 0x00000000   Number         0  stm32l4xx_hal_flash_ramfunc.o ABSOLUTE
    ../Drivers/STM32L4xx_HAL_Driver/Src/stm32l4xx_hal_gpio.c 0x00000000   Number         0  stm32l4xx_hal_gpio.o ABSOLUTE
    ../Drivers/STM32L4xx_HAL_Driver/Src/stm32l4xx_hal_i2c.c 0x00000000   Number         0  stm32l4xx_hal_i2c.o ABSOLUTE
    ../Drivers/STM32L4xx_HAL_Driver/Src/stm32l4xx_hal_i2c_ex.c 0x00000000   Number         0  stm32l4xx_hal_i2c_ex.o ABSOLUTE
    ../Drivers/STM32L4xx_HAL_Driver/Src/stm32l4xx_hal_lptim.c 0x00000000   Number         0  stm32l4xx_hal_lptim.o ABSOLUTE
    ../Drivers/STM32L4xx_HAL_Driver/Src/stm32l4xx_hal_pwr.c 0x00000000   Number         0  stm32l4xx_hal_pwr.o ABSOLUTE
    ../Drivers/STM32L4xx_HAL_Driver/Src/stm32l4xx_hal_pwr_ex.c 0x00000000   Number         0  stm32l4xx_hal_pwr_ex.o ABSOLUTE
    ../Drivers/STM32L4xx_HAL_Driver/Src/stm32l4xx_hal_rcc.c 0x00000000   Number         0  stm32l4xx_hal_rcc.o ABSOLUTE
    ../Drivers/STM32L4xx_HAL_Driver/Src/stm32l4xx_hal_rcc_ex.c 0x00000000   Number         0  stm32l4xx_hal_rcc_ex.o ABSOLUTE
    ../Drivers/STM32L4xx_HAL_Driver/Src/stm32l4xx_hal_rtc.c 0x00000000   Number         0  stm32l4xx_hal_rtc.o ABSOLUTE
    ../Drivers/STM32L4xx_HAL_Driver/Src/stm32l4xx_hal_rtc_ex.c 0x00000000   Number         0  stm32l4xx_hal_rtc_ex.o ABSOLUTE
    ../Drivers/STM32L4xx_HAL_Driver/Src/stm32l4xx_hal_spi.c 0x00000000   Number         0  stm32l4xx_hal_spi.o ABSOLUTE
    ../Drivers/STM32L4xx_HAL_Driver/Src/stm32l4xx_hal_spi_ex.c 0x00000000   Number         0  stm32l4xx_hal_spi_ex.o ABSOLUTE
    ../Drivers/STM32L4xx_HAL_Driver/Src/stm32l4xx_hal_tim.c 0x00000000   Number         0  stm32l4xx_hal_tim.o ABSOLUTE
    ../Drivers/STM32L4xx_HAL_Driver/Src/stm32l4xx_hal_tim_ex.c 0x00000000   Number         0  stm32l4xx_hal_tim_ex.o ABSOLUTE
    ../Drivers/STM32L4xx_HAL_Driver/Src/stm32l4xx_hal_uart.c 0x00000000   Number         0  stm32l4xx_hal_uart.o ABSOLUTE
    ../Drivers/STM32L4xx_HAL_Driver/Src/stm32l4xx_hal_uart_ex.c 0x00000000   Number         0  stm32l4xx_hal_uart_ex.o ABSOLUTE
    ../Drivers/STM32L4xx_HAL_Driver/Src/stm32l4xx_hal_wwdg.c 0x00000000   Number         0  stm32l4xx_hal_wwdg.o ABSOLUTE
    ../clib/microlib/cpp/cpp_dtor.c          0x00000000   Number         0  cpp_dtor.o ABSOLUTE
    ../clib/microlib/cpp/cpp_final.c         0x00000000   Number         0  cpp_final.o ABSOLUTE
    ../clib/microlib/cpp/cpp_init.c          0x00000000   Number         0  cpp_init.o ABSOLUTE
    ../clib/microlib/cpp/cpp_init.c          0x00000000   Number         0  cpp_init.o ABSOLUTE
    ../clib/microlib/division.c              0x00000000   Number         0  uidiv.o ABSOLUTE
    ../clib/microlib/division.c              0x00000000   Number         0  uldiv.o ABSOLUTE
    ../clib/microlib/init/entry.s            0x00000000   Number         0  entry7b.o ABSOLUTE
    ../clib/microlib/init/entry.s            0x00000000   Number         0  entry7a.o ABSOLUTE
    ../clib/microlib/init/entry.s            0x00000000   Number         0  entry5.o ABSOLUTE
    ../clib/microlib/init/entry.s            0x00000000   Number         0  entry8b.o ABSOLUTE
    ../clib/microlib/init/entry.s            0x00000000   Number         0  entry11b.o ABSOLUTE
    ../clib/microlib/init/entry.s            0x00000000   Number         0  entry10b.o ABSOLUTE
    ../clib/microlib/init/entry.s            0x00000000   Number         0  entry10a.o ABSOLUTE
    ../clib/microlib/init/entry.s            0x00000000   Number         0  entry2.o ABSOLUTE
    ../clib/microlib/init/entry.s            0x00000000   Number         0  entry9b.o ABSOLUTE
    ../clib/microlib/init/entry.s            0x00000000   Number         0  entry.o ABSOLUTE
    ../clib/microlib/init/entry.s            0x00000000   Number         0  entry9a.o ABSOLUTE
    ../clib/microlib/init/entry.s            0x00000000   Number         0  entry11a.o ABSOLUTE
    ../clib/microlib/init/entry.s            0x00000000   Number         0  entry8a.o ABSOLUTE
    ../clib/microlib/longlong.c              0x00000000   Number         0  llushr.o ABSOLUTE
    ../clib/microlib/longlong.c              0x00000000   Number         0  llshl.o ABSOLUTE
    ../clib/microlib/longlong.c              0x00000000   Number         0  llsshr.o ABSOLUTE
    ../clib/microlib/malloc/malloc.c         0x00000000   Number         0  malloca.o ABSOLUTE
    ../clib/microlib/malloc/malloc.c         0x00000000   Number         0  mallocr.o ABSOLUTE
    ../clib/microlib/malloc/malloc.c         0x00000000   Number         0  mallocra.o ABSOLUTE
    ../clib/microlib/malloc/malloc.c         0x00000000   Number         0  malloc.o ABSOLUTE
    ../clib/microlib/malloc/mvars.c          0x00000000   Number         0  mvars.o ABSOLUTE
    ../clib/microlib/printf/printf.c         0x00000000   Number         0  printfa.o ABSOLUTE
    ../clib/microlib/stdio/fputc.c           0x00000000   Number         0  fputc.o ABSOLUTE
    ../clib/microlib/stdio/semi.s            0x00000000   Number         0  semi.o ABSOLUTE
    ../clib/microlib/stdio/streams.c         0x00000000   Number         0  stdout.o ABSOLUTE
    ../clib/microlib/string/memcpy.c         0x00000000   Number         0  memcpyb.o ABSOLUTE
    ../clib/microlib/string/memcpy.c         0x00000000   Number         0  memcpya.o ABSOLUTE
    ../clib/microlib/string/strlen.c         0x00000000   Number         0  strlen.o ABSOLUTE
    ../clib/microlib/stubs.s                 0x00000000   Number         0  iusefp.o ABSOLUTE
    ../clib/microlib/stubs.s                 0x00000000   Number         0  iusesemip.o ABSOLUTE
    ../clib/microlib/time/localtime.c        0x00000000   Number         0  localtime_w.o ABSOLUTE
    ../clib/microlib/time/localtime.c        0x00000000   Number         0  localtime_i.o ABSOLUTE
    ../clib/microlib/time/mktime.c           0x00000000   Number         0  mktime.o ABSOLUTE
    ../clib/stdlib.c                         0x00000000   Number         0  cxa_finalize.o ABSOLUTE
    ../clib/stdlib.c                         0x00000000   Number         0  aeabi_atexit.o ABSOLUTE
    ../fplib/microlib/fpadd.c                0x00000000   Number         0  dadd.o ABSOLUTE
    ../fplib/microlib/fpdiv.c                0x00000000   Number         0  ddiv.o ABSOLUTE
    ../fplib/microlib/fpepilogue.c           0x00000000   Number         0  depilogue.o ABSOLUTE
    ../fplib/microlib/fpfix.c                0x00000000   Number         0  dfixul.o ABSOLUTE
    ../fplib/microlib/fpmul.c                0x00000000   Number         0  dmul.o ABSOLUTE
    ..\Drivers\STM32L4xx_HAL_Driver\Src\stm32l4xx_hal.c 0x00000000   Number         0  stm32l4xx_hal.o ABSOLUTE
    ..\Drivers\STM32L4xx_HAL_Driver\Src\stm32l4xx_hal_cortex.c 0x00000000   Number         0  stm32l4xx_hal_cortex.o ABSOLUTE
    ..\Drivers\STM32L4xx_HAL_Driver\Src\stm32l4xx_hal_dma.c 0x00000000   Number         0  stm32l4xx_hal_dma.o ABSOLUTE
    ..\Drivers\STM32L4xx_HAL_Driver\Src\stm32l4xx_hal_dma_ex.c 0x00000000   Number         0  stm32l4xx_hal_dma_ex.o ABSOLUTE
    ..\Drivers\STM32L4xx_HAL_Driver\Src\stm32l4xx_hal_flash.c 0x00000000   Number         0  stm32l4xx_hal_flash.o ABSOLUTE
    ..\Drivers\STM32L4xx_HAL_Driver\Src\stm32l4xx_hal_flash_ex.c 0x00000000   Number         0  stm32l4xx_hal_flash_ex.o ABSOLUTE
    ..\Drivers\STM32L4xx_HAL_Driver\Src\stm32l4xx_hal_flash_ramfunc.c 0x00000000   Number         0  stm32l4xx_hal_flash_ramfunc.o ABSOLUTE
    ..\Drivers\STM32L4xx_HAL_Driver\Src\stm32l4xx_hal_gpio.c 0x00000000   Number         0  stm32l4xx_hal_gpio.o ABSOLUTE
    ..\Drivers\STM32L4xx_HAL_Driver\Src\stm32l4xx_hal_i2c.c 0x00000000   Number         0  stm32l4xx_hal_i2c.o ABSOLUTE
    ..\Drivers\STM32L4xx_HAL_Driver\Src\stm32l4xx_hal_i2c_ex.c 0x00000000   Number         0  stm32l4xx_hal_i2c_ex.o ABSOLUTE
    ..\Drivers\STM32L4xx_HAL_Driver\Src\stm32l4xx_hal_iwdg.c 0x00000000   Number         0  stm32l4xx_hal_iwdg.o ABSOLUTE
    ..\Drivers\STM32L4xx_HAL_Driver\Src\stm32l4xx_hal_lptim.c 0x00000000   Number         0  stm32l4xx_hal_lptim.o ABSOLUTE
    ..\Drivers\STM32L4xx_HAL_Driver\Src\stm32l4xx_hal_pwr.c 0x00000000   Number         0  stm32l4xx_hal_pwr.o ABSOLUTE
    ..\Drivers\STM32L4xx_HAL_Driver\Src\stm32l4xx_hal_pwr_ex.c 0x00000000   Number         0  stm32l4xx_hal_pwr_ex.o ABSOLUTE
    ..\Drivers\STM32L4xx_HAL_Driver\Src\stm32l4xx_hal_rcc.c 0x00000000   Number         0  stm32l4xx_hal_rcc.o ABSOLUTE
    ..\Drivers\STM32L4xx_HAL_Driver\Src\stm32l4xx_hal_rcc_ex.c 0x00000000   Number         0  stm32l4xx_hal_rcc_ex.o ABSOLUTE
    ..\Drivers\STM32L4xx_HAL_Driver\Src\stm32l4xx_hal_rtc.c 0x00000000   Number         0  stm32l4xx_hal_rtc.o ABSOLUTE
    ..\Drivers\STM32L4xx_HAL_Driver\Src\stm32l4xx_hal_rtc_ex.c 0x00000000   Number         0  stm32l4xx_hal_rtc_ex.o ABSOLUTE
    ..\Drivers\STM32L4xx_HAL_Driver\Src\stm32l4xx_hal_spi.c 0x00000000   Number         0  stm32l4xx_hal_spi.o ABSOLUTE
    ..\Drivers\STM32L4xx_HAL_Driver\Src\stm32l4xx_hal_spi_ex.c 0x00000000   Number         0  stm32l4xx_hal_spi_ex.o ABSOLUTE
    ..\Drivers\STM32L4xx_HAL_Driver\Src\stm32l4xx_hal_tim.c 0x00000000   Number         0  stm32l4xx_hal_tim.o ABSOLUTE
    ..\Drivers\STM32L4xx_HAL_Driver\Src\stm32l4xx_hal_tim_ex.c 0x00000000   Number         0  stm32l4xx_hal_tim_ex.o ABSOLUTE
    ..\Drivers\STM32L4xx_HAL_Driver\Src\stm32l4xx_hal_uart.c 0x00000000   Number         0  stm32l4xx_hal_uart.o ABSOLUTE
    ..\Drivers\STM32L4xx_HAL_Driver\Src\stm32l4xx_hal_uart_ex.c 0x00000000   Number         0  stm32l4xx_hal_uart_ex.o ABSOLUTE
    ..\Drivers\STM32L4xx_HAL_Driver\Src\stm32l4xx_hal_wwdg.c 0x00000000   Number         0  stm32l4xx_hal_wwdg.o ABSOLUTE
    ..\McuApi\ClassSTM32L4.cpp               0x00000000   Number         0  classstm32l4.o ABSOLUTE
    ..\Src\gpio.cpp                          0x00000000   Number         0  gpio_1.o ABSOLUTE
    ..\Src\i2c.cpp                           0x00000000   Number         0  i2c_1.o ABSOLUTE
    ..\Src\iwdg.cpp                          0x00000000   Number         0  iwdg.o ABSOLUTE
    ..\Src\lptim.cpp                         0x00000000   Number         0  lptim_1.o ABSOLUTE
    ..\Src\main.cpp                          0x00000000   Number         0  main_1.o ABSOLUTE
    ..\Src\rtc.cpp                           0x00000000   Number         0  rtc_1.o ABSOLUTE
    ..\Src\spi.cpp                           0x00000000   Number         0  spi_1.o ABSOLUTE
    ..\Src\stm32l4xx_hal_msp.cpp             0x00000000   Number         0  stm32l4xx_hal_msp_1.o ABSOLUTE
    ..\Src\stm32l4xx_it.cpp                  0x00000000   Number         0  stm32l4xx_it_1.o ABSOLUTE
    ..\Src\system_stm32l4xx.cpp              0x00000000   Number         0  system_stm32l4xx_1.o ABSOLUTE
    ..\Src\usart.cpp                         0x00000000   Number         0  usart_1.o ABSOLUTE
    ..\Src\wwdg.cpp                          0x00000000   Number         0  wwdg_1.o ABSOLUTE
    ..\\Drivers\\STM32L4xx_HAL_Driver\\Src\\stm32l4xx_hal_iwdg.c 0x00000000   Number         0  stm32l4xx_hal_iwdg.o ABSOLUTE
    ..\\McuApi\\ClassSTM32L4.cpp             0x00000000   Number         0  classstm32l4.o ABSOLUTE
    ..\\Src\\gpio.cpp                        0x00000000   Number         0  gpio_1.o ABSOLUTE
    ..\\Src\\i2c.cpp                         0x00000000   Number         0  i2c_1.o ABSOLUTE
    ..\\Src\\iwdg.cpp                        0x00000000   Number         0  iwdg.o ABSOLUTE
    ..\\Src\\lptim.cpp                       0x00000000   Number         0  lptim_1.o ABSOLUTE
    ..\\Src\\main.cpp                        0x00000000   Number         0  main_1.o ABSOLUTE
    ..\\Src\\rtc.cpp                         0x00000000   Number         0  rtc_1.o ABSOLUTE
    ..\\Src\\spi.cpp                         0x00000000   Number         0  spi_1.o ABSOLUTE
    ..\\Src\\stm32l4xx_hal_msp.cpp           0x00000000   Number         0  stm32l4xx_hal_msp_1.o ABSOLUTE
    ..\\Src\\stm32l4xx_it.cpp                0x00000000   Number         0  stm32l4xx_it_1.o ABSOLUTE
    ..\\Src\\system_stm32l4xx.cpp            0x00000000   Number         0  system_stm32l4xx_1.o ABSOLUTE
    ..\\Src\\usart.cpp                       0x00000000   Number         0  usart_1.o ABSOLUTE
    ..\\Src\\wwdg.cpp                        0x00000000   Number         0  wwdg_1.o ABSOLUTE
    cdrcmple.s                               0x00000000   Number         0  cdrcmple.o ABSOLUTE
    dc.s                                     0x00000000   Number         0  dc.o ABSOLUTE
    handlers.s                               0x00000000   Number         0  handlers.o ABSOLUTE
    init.s                                   0x00000000   Number         0  init.o ABSOLUTE
    startup_stm32l476xx.s                    0x00000000   Number         0  startup_stm32l476xx.o ABSOLUTE
    RESET                                    0x08000000   Section      392  startup_stm32l476xx.o(RESET)
    .ARM.Collect$$$$00000000                 0x08000188   Section        0  entry.o(.ARM.Collect$$$$00000000)
    .ARM.Collect$$$$00000001                 0x08000188   Section        4  entry2.o(.ARM.Collect$$$$00000001)
    .ARM.Collect$$$$00000004                 0x0800018c   Section        4  entry5.o(.ARM.Collect$$$$00000004)
    .ARM.Collect$$$$00000008                 0x08000190   Section        0  entry7b.o(.ARM.Collect$$$$00000008)
    .ARM.Collect$$$$00000009                 0x08000190   Section        4  entry8a.o(.ARM.Collect$$$$00000009)
    .ARM.Collect$$$$0000000A                 0x08000194   Section        0  entry8b.o(.ARM.Collect$$$$0000000A)
    .ARM.Collect$$$$0000000B                 0x08000194   Section        8  entry9a.o(.ARM.Collect$$$$0000000B)
    .ARM.Collect$$$$0000000D                 0x0800019c   Section        0  entry10a.o(.ARM.Collect$$$$0000000D)
    .ARM.Collect$$$$0000000E                 0x0800019c   Section        4  entry10b.o(.ARM.Collect$$$$0000000E)
    .ARM.Collect$$$$0000000F                 0x080001a0   Section        0  entry11a.o(.ARM.Collect$$$$0000000F)
    .ARM.Collect$$$$00002712                 0x080001a0   Section        4  entry2.o(.ARM.Collect$$$$00002712)
    __lit__00000000                          0x080001a0   Data           4  entry2.o(.ARM.Collect$$$$00002712)
    .text                                    0x080001a4   Section       36  startup_stm32l476xx.o(.text)
    $v0                                      0x080001a4   Number         0  startup_stm32l476xx.o(.text)
    .text                                    0x080001c8   Section        0  uldiv.o(.text)
    .text                                    0x08000230   Section        0  cpp_init.o(.text)
    .text                                    0x08000250   Section        0  aeabi_atexit.o(.text)
    .text                                    0x0800027e   Section        0  llshl.o(.text)
    .text                                    0x0800029c   Section        0  llushr.o(.text)
    .text                                    0x080002bc   Section        0  cpp_dtor.o(.text)
    .text                                    0x080002c4   Section        0  cxa_finalize.o(.text)
    .text                                    0x08000308   Section       36  init.o(.text)
    .text                                    0x0800032c   Section        0  cpp_final.o(.text)
    i.BusFault_Handler                       0x0800032e   Section        0  stm32l4xx_it_1.o(i.BusFault_Handler)
    i.DebugMon_Handler                       0x08000330   Section        0  stm32l4xx_it_1.o(i.DebugMon_Handler)
    i.EXTI15_10_IRQHandler                   0x08000334   Section        0  stm32l4xx_it_1.o(i.EXTI15_10_IRQHandler)
    i.EXTI3_IRQHandler                       0x0800034c   Section        0  stm32l4xx_it_1.o(i.EXTI3_IRQHandler)
    i.HAL_GPIO_EXTI_Callback                 0x08000364   Section        0  stm32l4xx_hal_gpio.o(i.HAL_GPIO_EXTI_Callback)
    i.HAL_GPIO_EXTI_IRQHandler               0x08000368   Section        0  stm32l4xx_hal_gpio.o(i.HAL_GPIO_EXTI_IRQHandler)
    i.HAL_GPIO_Init                          0x08000380   Section        0  stm32l4xx_hal_gpio.o(i.HAL_GPIO_Init)
    i.HAL_GPIO_WritePin                      0x0800054a   Section        0  stm32l4xx_hal_gpio.o(i.HAL_GPIO_WritePin)
    i.HAL_GetTick                            0x08000554   Section        0  stm32l4xx_hal.o(i.HAL_GetTick)
    i.HAL_I2CEx_ConfigAnalogFilter           0x08000560   Section        0  stm32l4xx_hal_i2c_ex.o(i.HAL_I2CEx_ConfigAnalogFilter)
    i.HAL_I2CEx_ConfigDigitalFilter          0x080005b6   Section        0  stm32l4xx_hal_i2c_ex.o(i.HAL_I2CEx_ConfigDigitalFilter)
    i.HAL_I2C_EV_IRQHandler                  0x08000608   Section        0  stm32l4xx_hal_i2c.o(i.HAL_I2C_EV_IRQHandler)
    i.HAL_I2C_Init                           0x08000618   Section        0  stm32l4xx_hal_i2c.o(i.HAL_I2C_Init)
    i.HAL_I2C_MspInit                        0x080006d4   Section        0  i2c_1.o(i.HAL_I2C_MspInit)
    i.HAL_IWDG_Init                          0x08000730   Section        0  stm32l4xx_hal_iwdg.o(i.HAL_IWDG_Init)
    i.HAL_IncTick                            0x08000790   Section        0  stm32l4xx_hal.o(i.HAL_IncTick)
    i.HAL_Init                               0x080007a0   Section        0  stm32l4xx_hal.o(i.HAL_Init)
    i.HAL_InitTick                           0x080007b8   Section        0  stm32l4xx_hal.o(i.HAL_InitTick)
    i.HAL_LPTIM_AutoReloadMatchCallback      0x080007e0   Section        0  stm32l4xx_hal_lptim.o(i.HAL_LPTIM_AutoReloadMatchCallback)
    i.HAL_LPTIM_AutoReloadWriteCallback      0x080007e2   Section        0  stm32l4xx_hal_lptim.o(i.HAL_LPTIM_AutoReloadWriteCallback)
    i.HAL_LPTIM_CompareMatchCallback         0x080007e4   Section        0  stm32l4xx_hal_lptim.o(i.HAL_LPTIM_CompareMatchCallback)
    i.HAL_LPTIM_CompareWriteCallback         0x080007e6   Section        0  stm32l4xx_hal_lptim.o(i.HAL_LPTIM_CompareWriteCallback)
    i.HAL_LPTIM_DirectionDownCallback        0x080007e8   Section        0  stm32l4xx_hal_lptim.o(i.HAL_LPTIM_DirectionDownCallback)
    i.HAL_LPTIM_DirectionUpCallback          0x080007ea   Section        0  stm32l4xx_hal_lptim.o(i.HAL_LPTIM_DirectionUpCallback)
    i.HAL_LPTIM_IRQHandler                   0x080007ec   Section        0  stm32l4xx_hal_lptim.o(i.HAL_LPTIM_IRQHandler)
    i.HAL_LPTIM_Init                         0x080008b8   Section        0  stm32l4xx_hal_lptim.o(i.HAL_LPTIM_Init)
    i.HAL_LPTIM_MspInit                      0x0800095c   Section        0  lptim_1.o(i.HAL_LPTIM_MspInit)
    i.HAL_LPTIM_TimeOut_Stop                 0x08000998   Section        0  stm32l4xx_hal_lptim.o(i.HAL_LPTIM_TimeOut_Stop)
    i.HAL_LPTIM_TriggerCallback              0x080009bc   Section        0  stm32l4xx_hal_lptim.o(i.HAL_LPTIM_TriggerCallback)
    i.HAL_MspInit                            0x080009c0   Section        0  stm32l4xx_hal_msp_1.o(i.HAL_MspInit)
    i.HAL_NVIC_EnableIRQ                     0x08000a40   Section        0  stm32l4xx_hal_cortex.o(i.HAL_NVIC_EnableIRQ)
    i.HAL_NVIC_SetPriority                   0x08000a58   Section        0  stm32l4xx_hal_cortex.o(i.HAL_NVIC_SetPriority)
    i.HAL_NVIC_SetPriorityGrouping           0x08000a98   Section        0  stm32l4xx_hal_cortex.o(i.HAL_NVIC_SetPriorityGrouping)
    i.HAL_PWREx_ControlVoltageScaling        0x08000abc   Section        0  stm32l4xx_hal_pwr_ex.o(i.HAL_PWREx_ControlVoltageScaling)
    i.HAL_PWREx_GetVoltageRange              0x08000b20   Section        0  stm32l4xx_hal_pwr_ex.o(i.HAL_PWREx_GetVoltageRange)
    i.HAL_RCCEx_PeriphCLKConfig              0x08000b30   Section        0  stm32l4xx_hal_rcc_ex.o(i.HAL_RCCEx_PeriphCLKConfig)
    i.HAL_RCC_ClockConfig                    0x08000ee0   Section        0  stm32l4xx_hal_rcc.o(i.HAL_RCC_ClockConfig)
    i.HAL_RCC_GetHCLKFreq                    0x08000ff4   Section        0  stm32l4xx_hal_rcc.o(i.HAL_RCC_GetHCLKFreq)
    i.HAL_RCC_GetPCLK1Freq                   0x08001000   Section        0  stm32l4xx_hal_rcc.o(i.HAL_RCC_GetPCLK1Freq)
    i.HAL_RCC_GetPCLK2Freq                   0x08001020   Section        0  stm32l4xx_hal_rcc.o(i.HAL_RCC_GetPCLK2Freq)
    i.HAL_RCC_GetSysClockFreq                0x08001040   Section        0  stm32l4xx_hal_rcc.o(i.HAL_RCC_GetSysClockFreq)
    i.HAL_RCC_OscConfig                      0x08001104   Section        0  stm32l4xx_hal_rcc.o(i.HAL_RCC_OscConfig)
    i.HAL_RTCEx_SetWakeUpTimer_IT            0x08001570   Section        0  stm32l4xx_hal_rtc_ex.o(i.HAL_RTCEx_SetWakeUpTimer_IT)
    i.HAL_RTCEx_WakeUpTimerEventCallback     0x08001676   Section        0  stm32l4xx_hal_rtc_ex.o(i.HAL_RTCEx_WakeUpTimerEventCallback)
    i.HAL_RTCEx_WakeUpTimerIRQHandler        0x08001678   Section        0  stm32l4xx_hal_rtc_ex.o(i.HAL_RTCEx_WakeUpTimerIRQHandler)
    i.HAL_RTC_Init                           0x080016ac   Section        0  stm32l4xx_hal_rtc.o(i.HAL_RTC_Init)
    i.HAL_RTC_MspInit                        0x08001764   Section        0  rtc_1.o(i.HAL_RTC_MspInit)
    i.HAL_RTC_SetDate                        0x08001798   Section        0  stm32l4xx_hal_rtc.o(i.HAL_RTC_SetDate)
    i.HAL_RTC_SetTime                        0x08001870   Section        0  stm32l4xx_hal_rtc.o(i.HAL_RTC_SetTime)
    i.HAL_RTC_WaitForSynchro                 0x08001968   Section        0  stm32l4xx_hal_rtc.o(i.HAL_RTC_WaitForSynchro)
    i.HAL_SPI_Init                           0x0800199e   Section        0  stm32l4xx_hal_spi.o(i.HAL_SPI_Init)
    i.HAL_SPI_MspInit                        0x08001a4c   Section        0  spi_1.o(i.HAL_SPI_MspInit)
    i.HAL_SYSTICK_CLKSourceConfig            0x08001a94   Section        0  stm32l4xx_hal_cortex.o(i.HAL_SYSTICK_CLKSourceConfig)
    i.HAL_SYSTICK_Callback                   0x08001aac   Section        0  stm32l4xx_hal_cortex.o(i.HAL_SYSTICK_Callback)
    i.HAL_SYSTICK_Config                     0x08001aae   Section        0  stm32l4xx_hal_cortex.o(i.HAL_SYSTICK_Config)
    i.HAL_SYSTICK_IRQHandler                 0x08001ad6   Section        0  stm32l4xx_hal_cortex.o(i.HAL_SYSTICK_IRQHandler)
    i.HAL_UART_Init                          0x08001ade   Section        0  stm32l4xx_hal_uart.o(i.HAL_UART_Init)
    i.HAL_UART_MspInit                       0x08001b48   Section        0  usart_1.o(i.HAL_UART_MspInit)
    i.HardFault_Handler                      0x08001b90   Section        0  stm32l4xx_it_1.o(i.HardFault_Handler)
    i.I2C1_EV_IRQHandler                     0x08001b94   Section        0  stm32l4xx_it_1.o(i.I2C1_EV_IRQHandler)
    i.LPTIM1_IRQHandler                      0x08001ba0   Section        0  stm32l4xx_it_1.o(i.LPTIM1_IRQHandler)
    i.MX_GPIO_Init                           0x08001bc4   Section        0  gpio_1.o(i.MX_GPIO_Init)
    i.MX_I2C1_Init                           0x08001ce8   Section        0  i2c_1.o(i.MX_I2C1_Init)
    i.MX_IWDG_Init                           0x08001d5c   Section        0  iwdg.o(i.MX_IWDG_Init)
    i.MX_LPTIM1_Init                         0x08001da0   Section        0  lptim_1.o(i.MX_LPTIM1_Init)
    i.MX_RTC_Init                            0x08001df0   Section        0  rtc_1.o(i.MX_RTC_Init)
    i.MX_SPI1_Init                           0x08001e98   Section        0  spi_1.o(i.MX_SPI1_Init)
    i.MX_USART2_UART_Init                    0x08001efc   Section        0  usart_1.o(i.MX_USART2_UART_Init)
    i.MemManage_Handler                      0x08001f50   Section        0  stm32l4xx_it_1.o(i.MemManage_Handler)
    i.NMI_Handler                            0x08001f52   Section        0  stm32l4xx_it_1.o(i.NMI_Handler)
    i.NVIC_SetPriority                       0x08001f54   Section        0  stm32l4xx_hal_cortex.o(i.NVIC_SetPriority)
    NVIC_SetPriority                         0x08001f55   Thumb Code    32  stm32l4xx_hal_cortex.o(i.NVIC_SetPriority)
    i.PendSV_Handler                         0x08001f74   Section        0  stm32l4xx_it_1.o(i.PendSV_Handler)
    i.RCCEx_PLLSAI1_Config                   0x08001f78   Section        0  stm32l4xx_hal_rcc_ex.o(i.RCCEx_PLLSAI1_Config)
    RCCEx_PLLSAI1_Config                     0x08001f79   Thumb Code   278  stm32l4xx_hal_rcc_ex.o(i.RCCEx_PLLSAI1_Config)
    i.RCCEx_PLLSAI2_Config                   0x080020a4   Section        0  stm32l4xx_hal_rcc_ex.o(i.RCCEx_PLLSAI2_Config)
    RCCEx_PLLSAI2_Config                     0x080020a5   Thumb Code   250  stm32l4xx_hal_rcc_ex.o(i.RCCEx_PLLSAI2_Config)
    i.RCC_SetFlashLatencyFromMSIRange        0x080021ac   Section        0  stm32l4xx_hal_rcc.o(i.RCC_SetFlashLatencyFromMSIRange)
    RCC_SetFlashLatencyFromMSIRange          0x080021ad   Thumb Code   116  stm32l4xx_hal_rcc.o(i.RCC_SetFlashLatencyFromMSIRange)
    i.RTC_Bcd2ToByte                         0x08002228   Section        0  stm32l4xx_hal_rtc.o(i.RTC_Bcd2ToByte)
    i.RTC_ByteToBcd2                         0x0800223a   Section        0  stm32l4xx_hal_rtc.o(i.RTC_ByteToBcd2)
    i.RTC_EnterInitMode                      0x08002250   Section        0  stm32l4xx_hal_rtc.o(i.RTC_EnterInitMode)
    i.RTC_WKUP_IRQHandler                    0x0800228c   Section        0  stm32l4xx_it_1.o(i.RTC_WKUP_IRQHandler)
    i.SVC_Handler                            0x08002298   Section        0  stm32l4xx_it_1.o(i.SVC_Handler)
    i.SysTick_Handler                        0x0800229a   Section        0  stm32l4xx_it_1.o(i.SysTick_Handler)
    i.SystemClock_Config                     0x080022a8   Section        0  main_1.o(i.SystemClock_Config)
    i.SystemInit                             0x08002344   Section        0  system_stm32l4xx_1.o(i.SystemInit)
    i.UART_AdvFeatureConfig                  0x08002388   Section        0  stm32l4xx_hal_uart.o(i.UART_AdvFeatureConfig)
    i.UART_CheckIdleState                    0x08002450   Section        0  stm32l4xx_hal_uart.o(i.UART_CheckIdleState)
    i.UART_SetConfig                         0x080024ac   Section        0  stm32l4xx_hal_uart.o(i.UART_SetConfig)
    i.UART_WaitOnFlagUntilTimeout            0x0800274c   Section        0  stm32l4xx_hal_uart.o(i.UART_WaitOnFlagUntilTimeout)
    i.UsageFault_Handler                     0x080027b0   Section        0  stm32l4xx_it_1.o(i.UsageFault_Handler)
    i._Error_Handler                         0x080027b2   Section        0  main_1.o(i._Error_Handler)
    i._ZN10McuSTM32L46ExtISREv               0x080027b4   Section        0  stm32l4xx_it_1.o(i._ZN10McuSTM32L46ExtISREv)
    i._ZN10McuSTM32L49DoNothingEPv           0x080027c4   Section        0  classstm32l4.o(i._ZN10McuSTM32L49DoNothingEPv)
    i._ZN10McuSTM32L4C1E7PinNameS0_S0_       0x080027c8   Section        0  classstm32l4.o(i._ZN10McuSTM32L4C1E7PinNameS0_S0_)
    i._ZN10McuSTM32L4D1Ev                    0x080027e0   Section        0  classstm32l4.o(i._ZN10McuSTM32L4D1Ev)
    i.__scatterload_copy                     0x080027e2   Section       14  handlers.o(i.__scatterload_copy)
    i.__scatterload_null                     0x080027f0   Section        2  handlers.o(i.__scatterload_null)
    i.__scatterload_zeroinit                 0x080027f2   Section       14  handlers.o(i.__scatterload_zeroinit)
    i.__sti___8_main_cpp_mcu                 0x08002800   Section        0  main_1.o(i.__sti___8_main_cpp_mcu)
    __sti___8_main_cpp_mcu                   0x08002801   Thumb Code    26  main_1.o(i.__sti___8_main_cpp_mcu)
    i.free                                   0x08002828   Section        0  malloc.o(i.free)
    i.main                                   0x08002878   Section        0  main_1.o(i.main)
    i.malloc                                 0x080028a0   Section        0  malloc.o(i.malloc)
    t._ZN5McuXXI10McuSTM32L4ED1Ev            0x0800290c   Section        0  main_1.o(t._ZN5McuXXI10McuSTM32L4ED1Ev)
    .constdata                               0x08002910   Section       64  system_stm32l4xx_1.o(.constdata)
    .constdata                               0x08002950   Section        8  system_stm32l4xx_1.o(.constdata)
    .init_array                              0x08002978   Section        4  main_1.o(.init_array)
    .init_array                              0x0800297c   Section        0  cpp_init.o(.init_array)
    .data                                    0x20000000   Section        4  system_stm32l4xx_1.o(.data)
    .data                                    0x20000004   Section        4  stm32l4xx_hal.o(.data)
    .data                                    0x20000008   Section        4  cpp_dtor.o(.data)
    ddtor_pointer                            0x20000008   Data           4  cpp_dtor.o(.data)
    .data                                    0x2000000c   Section        4  mvars.o(.data)
    .data                                    0x20000010   Section        4  mvars.o(.data)
    .bss                                     0x20000014   Section       76  i2c_1.o(.bss)
    .bss                                     0x20000060   Section       56  lptim_1.o(.bss)
    .bss                                     0x20000098   Section       32  main_1.o(.bss)
    .bss                                     0x200000b8   Section       36  rtc_1.o(.bss)
    .bss                                     0x200000dc   Section      100  spi_1.o(.bss)
    .bss                                     0x20000140   Section      120  usart_1.o(.bss)
    .bss                                     0x200001b8   Section       16  iwdg.o(.bss)
    HEAP                                     0x200001c8   Section     1024  startup_stm32l476xx.o(HEAP)
    STACK                                    0x200005c8   Section     2048  startup_stm32l476xx.o(STACK)

    Global Symbols

    Symbol Name                              Value     Ov Type        Size  Object(Section)

    BuildAttributes$$THM_ISAv4$E$P$D$K$B$S$7EM$VFPi3$EXTD16$VFPS$VFMA$PE$A:L22UL41UL21$X:L11$S22US41US21$IEEE1$IW$USESV6$~STKCKD$USESV7$~SHL$OSPACE$ROPI$EBA8$MICROLIB$REQ8$PRES8$EABIv2 0x00000000   Number         0  anon$$obj.o ABSOLUTE
    __ARM_use_no_argv                        0x00000000   Number         0  main_1.o ABSOLUTE
    __decompress                              - Undefined Weak Reference
    _clock_init                               - Undefined Weak Reference
    _microlib_exit                            - Undefined Weak Reference
    __Vectors_Size                           0x00000188   Number         0  startup_stm32l476xx.o ABSOLUTE
    __Vectors                                0x08000000   Data           4  startup_stm32l476xx.o(RESET)
    __dso_handle                             0x08000000   Number         0  startup_stm32l476xx.o(RESET)
    __Vectors_End                            0x08000188   Data           0  startup_stm32l476xx.o(RESET)
    __main                                   0x08000189   Thumb Code     0  entry.o(.ARM.Collect$$$$00000000)
    _main_stk                                0x08000189   Thumb Code     0  entry2.o(.ARM.Collect$$$$00000001)
    _main_scatterload                        0x0800018d   Thumb Code     0  entry5.o(.ARM.Collect$$$$00000004)
    __main_after_scatterload                 0x08000191   Thumb Code     0  entry5.o(.ARM.Collect$$$$00000004)
    _main_clock                              0x08000191   Thumb Code     0  entry7b.o(.ARM.Collect$$$$00000008)
    _main_cpp_init$empty                     0x08000191   Thumb Code     0  entry8a.o(.ARM.Collect$$$$00000009)
    _main_cpp_init                           0x08000195   Thumb Code     0  entry8b.o(.ARM.Collect$$$$0000000A)
    _main_init                               0x08000195   Thumb Code     0  entry9a.o(.ARM.Collect$$$$0000000B)
    __rt_final_cpp                           0x0800019d   Thumb Code     0  entry10a.o(.ARM.Collect$$$$0000000D)
    __rt_final_cpp$nonempty                  0x0800019d   Thumb Code     0  entry10b.o(.ARM.Collect$$$$0000000E)
    __rt_final_exit                          0x080001a1   Thumb Code     0  entry11a.o(.ARM.Collect$$$$0000000F)
    Reset_Handler                            0x080001a5   Thumb Code     8  startup_stm32l476xx.o(.text)
    ADC1_2_IRQHandler                        0x080001bf   Thumb Code     0  startup_stm32l476xx.o(.text)
    ADC3_IRQHandler                          0x080001bf   Thumb Code     0  startup_stm32l476xx.o(.text)
    CAN1_RX0_IRQHandler                      0x080001bf   Thumb Code     0  startup_stm32l476xx.o(.text)
    CAN1_RX1_IRQHandler                      0x080001bf   Thumb Code     0  startup_stm32l476xx.o(.text)
    CAN1_SCE_IRQHandler                      0x080001bf   Thumb Code     0  startup_stm32l476xx.o(.text)
    CAN1_TX_IRQHandler                       0x080001bf   Thumb Code     0  startup_stm32l476xx.o(.text)
    COMP_IRQHandler                          0x080001bf   Thumb Code     0  startup_stm32l476xx.o(.text)
    DFSDM1_FLT0_IRQHandler                   0x080001bf   Thumb Code     0  startup_stm32l476xx.o(.text)
    DFSDM1_FLT1_IRQHandler                   0x080001bf   Thumb Code     0  startup_stm32l476xx.o(.text)
    DFSDM1_FLT2_IRQHandler                   0x080001bf   Thumb Code     0  startup_stm32l476xx.o(.text)
    DFSDM1_FLT3_IRQHandler                   0x080001bf   Thumb Code     0  startup_stm32l476xx.o(.text)
    DMA1_Channel1_IRQHandler                 0x080001bf   Thumb Code     0  startup_stm32l476xx.o(.text)
    DMA1_Channel2_IRQHandler                 0x080001bf   Thumb Code     0  startup_stm32l476xx.o(.text)
    DMA1_Channel3_IRQHandler                 0x080001bf   Thumb Code     0  startup_stm32l476xx.o(.text)
    DMA1_Channel4_IRQHandler                 0x080001bf   Thumb Code     0  startup_stm32l476xx.o(.text)
    DMA1_Channel5_IRQHandler                 0x080001bf   Thumb Code     0  startup_stm32l476xx.o(.text)
    DMA1_Channel6_IRQHandler                 0x080001bf   Thumb Code     0  startup_stm32l476xx.o(.text)
    DMA1_Channel7_IRQHandler                 0x080001bf   Thumb Code     0  startup_stm32l476xx.o(.text)
    DMA2_Channel1_IRQHandler                 0x080001bf   Thumb Code     0  startup_stm32l476xx.o(.text)
    DMA2_Channel2_IRQHandler                 0x080001bf   Thumb Code     0  startup_stm32l476xx.o(.text)
    DMA2_Channel3_IRQHandler                 0x080001bf   Thumb Code     0  startup_stm32l476xx.o(.text)
    DMA2_Channel4_IRQHandler                 0x080001bf   Thumb Code     0  startup_stm32l476xx.o(.text)
    DMA2_Channel5_IRQHandler                 0x080001bf   Thumb Code     0  startup_stm32l476xx.o(.text)
    DMA2_Channel6_IRQHandler                 0x080001bf   Thumb Code     0  startup_stm32l476xx.o(.text)
    DMA2_Channel7_IRQHandler                 0x080001bf   Thumb Code     0  startup_stm32l476xx.o(.text)
    EXTI0_IRQHandler                         0x080001bf   Thumb Code     0  startup_stm32l476xx.o(.text)
    EXTI1_IRQHandler                         0x080001bf   Thumb Code     0  startup_stm32l476xx.o(.text)
    EXTI2_IRQHandler                         0x080001bf   Thumb Code     0  startup_stm32l476xx.o(.text)
    EXTI4_IRQHandler                         0x080001bf   Thumb Code     0  startup_stm32l476xx.o(.text)
    EXTI9_5_IRQHandler                       0x080001bf   Thumb Code     0  startup_stm32l476xx.o(.text)
    FLASH_IRQHandler                         0x080001bf   Thumb Code     0  startup_stm32l476xx.o(.text)
    FMC_IRQHandler                           0x080001bf   Thumb Code     0  startup_stm32l476xx.o(.text)
    FPU_IRQHandler                           0x080001bf   Thumb Code     0  startup_stm32l476xx.o(.text)
    I2C1_ER_IRQHandler                       0x080001bf   Thumb Code     0  startup_stm32l476xx.o(.text)
    I2C2_ER_IRQHandler                       0x080001bf   Thumb Code     0  startup_stm32l476xx.o(.text)
    I2C2_EV_IRQHandler                       0x080001bf   Thumb Code     0  startup_stm32l476xx.o(.text)
    I2C3_ER_IRQHandler                       0x080001bf   Thumb Code     0  startup_stm32l476xx.o(.text)
    I2C3_EV_IRQHandler                       0x080001bf   Thumb Code     0  startup_stm32l476xx.o(.text)
    LCD_IRQHandler                           0x080001bf   Thumb Code     0  startup_stm32l476xx.o(.text)
    LPTIM2_IRQHandler                        0x080001bf   Thumb Code     0  startup_stm32l476xx.o(.text)
    LPUART1_IRQHandler                       0x080001bf   Thumb Code     0  startup_stm32l476xx.o(.text)
    OTG_FS_IRQHandler                        0x080001bf   Thumb Code     0  startup_stm32l476xx.o(.text)
    PVD_PVM_IRQHandler                       0x080001bf   Thumb Code     0  startup_stm32l476xx.o(.text)
    QUADSPI_IRQHandler                       0x080001bf   Thumb Code     0  startup_stm32l476xx.o(.text)
    RCC_IRQHandler                           0x080001bf   Thumb Code     0  startup_stm32l476xx.o(.text)
    RNG_IRQHandler                           0x080001bf   Thumb Code     0  startup_stm32l476xx.o(.text)
    RTC_Alarm_IRQHandler                     0x080001bf   Thumb Code     0  startup_stm32l476xx.o(.text)
    SAI1_IRQHandler                          0x080001bf   Thumb Code     0  startup_stm32l476xx.o(.text)
    SAI2_IRQHandler                          0x080001bf   Thumb Code     0  startup_stm32l476xx.o(.text)
    SDMMC1_IRQHandler                        0x080001bf   Thumb Code     0  startup_stm32l476xx.o(.text)
    SPI1_IRQHandler                          0x080001bf   Thumb Code     0  startup_stm32l476xx.o(.text)
    SPI2_IRQHandler                          0x080001bf   Thumb Code     0  startup_stm32l476xx.o(.text)
    SPI3_IRQHandler                          0x080001bf   Thumb Code     0  startup_stm32l476xx.o(.text)
    SWPMI1_IRQHandler                        0x080001bf   Thumb Code     0  startup_stm32l476xx.o(.text)
    TAMP_STAMP_IRQHandler                    0x080001bf   Thumb Code     0  startup_stm32l476xx.o(.text)
    TIM1_BRK_TIM15_IRQHandler                0x080001bf   Thumb Code     0  startup_stm32l476xx.o(.text)
    TIM1_CC_IRQHandler                       0x080001bf   Thumb Code     0  startup_stm32l476xx.o(.text)
    TIM1_TRG_COM_TIM17_IRQHandler            0x080001bf   Thumb Code     0  startup_stm32l476xx.o(.text)
    TIM1_UP_TIM16_IRQHandler                 0x080001bf   Thumb Code     0  startup_stm32l476xx.o(.text)
    TIM2_IRQHandler                          0x080001bf   Thumb Code     0  startup_stm32l476xx.o(.text)
    TIM3_IRQHandler                          0x080001bf   Thumb Code     0  startup_stm32l476xx.o(.text)
    TIM4_IRQHandler                          0x080001bf   Thumb Code     0  startup_stm32l476xx.o(.text)
    TIM5_IRQHandler                          0x080001bf   Thumb Code     0  startup_stm32l476xx.o(.text)
    TIM6_DAC_IRQHandler                      0x080001bf   Thumb Code     0  startup_stm32l476xx.o(.text)
    TIM7_IRQHandler                          0x080001bf   Thumb Code     0  startup_stm32l476xx.o(.text)
    TIM8_BRK_IRQHandler                      0x080001bf   Thumb Code     0  startup_stm32l476xx.o(.text)
    TIM8_CC_IRQHandler                       0x080001bf   Thumb Code     0  startup_stm32l476xx.o(.text)
    TIM8_TRG_COM_IRQHandler                  0x080001bf   Thumb Code     0  startup_stm32l476xx.o(.text)
    TIM8_UP_IRQHandler                       0x080001bf   Thumb Code     0  startup_stm32l476xx.o(.text)
    TSC_IRQHandler                           0x080001bf   Thumb Code     0  startup_stm32l476xx.o(.text)
    UART4_IRQHandler                         0x080001bf   Thumb Code     0  startup_stm32l476xx.o(.text)
    UART5_IRQHandler                         0x080001bf   Thumb Code     0  startup_stm32l476xx.o(.text)
    USART1_IRQHandler                        0x080001bf   Thumb Code     0  startup_stm32l476xx.o(.text)
    USART2_IRQHandler                        0x080001bf   Thumb Code     0  startup_stm32l476xx.o(.text)
    USART3_IRQHandler                        0x080001bf   Thumb Code     0  startup_stm32l476xx.o(.text)
    WWDG_IRQHandler                          0x080001bf   Thumb Code     0  startup_stm32l476xx.o(.text)
    __aeabi_uldivmod                         0x080001c9   Thumb Code    98  uldiv.o(.text)
    __cpp_initialize__aeabi_                 0x08000231   Thumb Code    22  cpp_init.o(.text)
    __aeabi_atexit                           0x08000251   Thumb Code    46  aeabi_atexit.o(.text)
    __aeabi_llsl                             0x0800027f   Thumb Code    30  llshl.o(.text)
    _ll_shift_l                              0x0800027f   Thumb Code     0  llshl.o(.text)
    __aeabi_llsr                             0x0800029d   Thumb Code    32  llushr.o(.text)
    _ll_ushift_r                             0x0800029d   Thumb Code     0  llushr.o(.text)
    __rt_ddtor_pointer_addr                  0x080002bd   Thumb Code     4  cpp_dtor.o(.text)
    __cxa_finalize                           0x080002c5   Thumb Code    66  cxa_finalize.o(.text)
    __scatterload                            0x08000309   Thumb Code    28  init.o(.text)
    __scatterload_rt2                        0x08000309   Thumb Code     0  init.o(.text)
    __rt_lib_shutdown_cpp_2                  0x0800032d   Thumb Code     2  cpp_final.o(.text)
    BusFault_Handler                         0x0800032f   Thumb Code     2  stm32l4xx_it_1.o(i.BusFault_Handler)
    DebugMon_Handler                         0x08000331   Thumb Code     2  stm32l4xx_it_1.o(i.DebugMon_Handler)
    EXTI15_10_IRQHandler                     0x08000335   Thumb Code    20  stm32l4xx_it_1.o(i.EXTI15_10_IRQHandler)
    EXTI3_IRQHandler                         0x0800034d   Thumb Code    18  stm32l4xx_it_1.o(i.EXTI3_IRQHandler)
    HAL_GPIO_EXTI_Callback                   0x08000365   Thumb Code     2  stm32l4xx_hal_gpio.o(i.HAL_GPIO_EXTI_Callback)
    HAL_GPIO_EXTI_IRQHandler                 0x08000369   Thumb Code    18  stm32l4xx_hal_gpio.o(i.HAL_GPIO_EXTI_IRQHandler)
    HAL_GPIO_Init                            0x08000381   Thumb Code   414  stm32l4xx_hal_gpio.o(i.HAL_GPIO_Init)
    HAL_GPIO_WritePin                        0x0800054b   Thumb Code    10  stm32l4xx_hal_gpio.o(i.HAL_GPIO_WritePin)
    HAL_GetTick                              0x08000555   Thumb Code     6  stm32l4xx_hal.o(i.HAL_GetTick)
    HAL_I2CEx_ConfigAnalogFilter             0x08000561   Thumb Code    86  stm32l4xx_hal_i2c_ex.o(i.HAL_I2CEx_ConfigAnalogFilter)
    HAL_I2CEx_ConfigDigitalFilter            0x080005b7   Thumb Code    82  stm32l4xx_hal_i2c_ex.o(i.HAL_I2CEx_ConfigDigitalFilter)
    HAL_I2C_EV_IRQHandler                    0x08000609   Thumb Code    16  stm32l4xx_hal_i2c.o(i.HAL_I2C_EV_IRQHandler)
    HAL_I2C_Init                             0x08000619   Thumb Code   184  stm32l4xx_hal_i2c.o(i.HAL_I2C_Init)
    HAL_I2C_MspInit                          0x080006d5   Thumb Code    80  i2c_1.o(i.HAL_I2C_MspInit)
    HAL_IWDG_Init                            0x08000731   Thumb Code    94  stm32l4xx_hal_iwdg.o(i.HAL_IWDG_Init)
    HAL_IncTick                              0x08000791   Thumb Code    10  stm32l4xx_hal.o(i.HAL_IncTick)
    HAL_Init                                 0x080007a1   Thumb Code    22  stm32l4xx_hal.o(i.HAL_Init)
    HAL_InitTick                             0x080007b9   Thumb Code    34  stm32l4xx_hal.o(i.HAL_InitTick)
    HAL_LPTIM_AutoReloadMatchCallback        0x080007e1   Thumb Code     2  stm32l4xx_hal_lptim.o(i.HAL_LPTIM_AutoReloadMatchCallback)
    HAL_LPTIM_AutoReloadWriteCallback        0x080007e3   Thumb Code     2  stm32l4xx_hal_lptim.o(i.HAL_LPTIM_AutoReloadWriteCallback)
    HAL_LPTIM_CompareMatchCallback           0x080007e5   Thumb Code     2  stm32l4xx_hal_lptim.o(i.HAL_LPTIM_CompareMatchCallback)
    HAL_LPTIM_CompareWriteCallback           0x080007e7   Thumb Code     2  stm32l4xx_hal_lptim.o(i.HAL_LPTIM_CompareWriteCallback)
    HAL_LPTIM_DirectionDownCallback          0x080007e9   Thumb Code     2  stm32l4xx_hal_lptim.o(i.HAL_LPTIM_DirectionDownCallback)
    HAL_LPTIM_DirectionUpCallback            0x080007eb   Thumb Code     2  stm32l4xx_hal_lptim.o(i.HAL_LPTIM_DirectionUpCallback)
    HAL_LPTIM_IRQHandler                     0x080007ed   Thumb Code   202  stm32l4xx_hal_lptim.o(i.HAL_LPTIM_IRQHandler)
    HAL_LPTIM_Init                           0x080008b9   Thumb Code   156  stm32l4xx_hal_lptim.o(i.HAL_LPTIM_Init)
    HAL_LPTIM_MspInit                        0x0800095d   Thumb Code    50  lptim_1.o(i.HAL_LPTIM_MspInit)
    HAL_LPTIM_TimeOut_Stop                   0x08000999   Thumb Code    36  stm32l4xx_hal_lptim.o(i.HAL_LPTIM_TimeOut_Stop)
    HAL_LPTIM_TriggerCallback                0x080009bd   Thumb Code     2  stm32l4xx_hal_lptim.o(i.HAL_LPTIM_TriggerCallback)
    HAL_MspInit                              0x080009c1   Thumb Code   122  stm32l4xx_hal_msp_1.o(i.HAL_MspInit)
    HAL_NVIC_EnableIRQ                       0x08000a41   Thumb Code    22  stm32l4xx_hal_cortex.o(i.HAL_NVIC_EnableIRQ)
    HAL_NVIC_SetPriority                     0x08000a59   Thumb Code    60  stm32l4xx_hal_cortex.o(i.HAL_NVIC_SetPriority)
    HAL_NVIC_SetPriorityGrouping             0x08000a99   Thumb Code    26  stm32l4xx_hal_cortex.o(i.HAL_NVIC_SetPriorityGrouping)
    HAL_PWREx_ControlVoltageScaling          0x08000abd   Thumb Code    86  stm32l4xx_hal_pwr_ex.o(i.HAL_PWREx_ControlVoltageScaling)
    HAL_PWREx_GetVoltageRange                0x08000b21   Thumb Code    10  stm32l4xx_hal_pwr_ex.o(i.HAL_PWREx_GetVoltageRange)
    HAL_RCCEx_PeriphCLKConfig                0x08000b31   Thumb Code   928  stm32l4xx_hal_rcc_ex.o(i.HAL_RCCEx_PeriphCLKConfig)
    HAL_RCC_ClockConfig                      0x08000ee1   Thumb Code   260  stm32l4xx_hal_rcc.o(i.HAL_RCC_ClockConfig)
    HAL_RCC_GetHCLKFreq                      0x08000ff5   Thumb Code     6  stm32l4xx_hal_rcc.o(i.HAL_RCC_GetHCLKFreq)
    HAL_RCC_GetPCLK1Freq                     0x08001001   Thumb Code    20  stm32l4xx_hal_rcc.o(i.HAL_RCC_GetPCLK1Freq)
    HAL_RCC_GetPCLK2Freq                     0x08001021   Thumb Code    20  stm32l4xx_hal_rcc.o(i.HAL_RCC_GetPCLK2Freq)
    HAL_RCC_GetSysClockFreq                  0x08001041   Thumb Code   182  stm32l4xx_hal_rcc.o(i.HAL_RCC_GetSysClockFreq)
    HAL_RCC_OscConfig                        0x08001105   Thumb Code  1132  stm32l4xx_hal_rcc.o(i.HAL_RCC_OscConfig)
    HAL_RTCEx_SetWakeUpTimer_IT              0x08001571   Thumb Code   250  stm32l4xx_hal_rtc_ex.o(i.HAL_RTCEx_SetWakeUpTimer_IT)
    HAL_RTCEx_WakeUpTimerEventCallback       0x08001677   Thumb Code     2  stm32l4xx_hal_rtc_ex.o(i.HAL_RTCEx_WakeUpTimerEventCallback)
    HAL_RTCEx_WakeUpTimerIRQHandler          0x08001679   Thumb Code    46  stm32l4xx_hal_rtc_ex.o(i.HAL_RTCEx_WakeUpTimerIRQHandler)
    HAL_RTC_Init                             0x080016ad   Thumb Code   180  stm32l4xx_hal_rtc.o(i.HAL_RTC_Init)
    HAL_RTC_MspInit                          0x08001765   Thumb Code    44  rtc_1.o(i.HAL_RTC_MspInit)
    HAL_RTC_SetDate                          0x08001799   Thumb Code   212  stm32l4xx_hal_rtc.o(i.HAL_RTC_SetDate)
    HAL_RTC_SetTime                          0x08001871   Thumb Code   244  stm32l4xx_hal_rtc.o(i.HAL_RTC_SetTime)
    HAL_RTC_WaitForSynchro                   0x08001969   Thumb Code    54  stm32l4xx_hal_rtc.o(i.HAL_RTC_WaitForSynchro)
    HAL_SPI_Init                             0x0800199f   Thumb Code   172  stm32l4xx_hal_spi.o(i.HAL_SPI_Init)
    HAL_SPI_MspInit                          0x08001a4d   Thumb Code    64  spi_1.o(i.HAL_SPI_MspInit)
    HAL_SYSTICK_CLKSourceConfig              0x08001a95   Thumb Code    24  stm32l4xx_hal_cortex.o(i.HAL_SYSTICK_CLKSourceConfig)
    HAL_SYSTICK_Callback                     0x08001aad   Thumb Code     2  stm32l4xx_hal_cortex.o(i.HAL_SYSTICK_Callback)
    HAL_SYSTICK_Config                       0x08001aaf   Thumb Code    40  stm32l4xx_hal_cortex.o(i.HAL_SYSTICK_Config)
    HAL_SYSTICK_IRQHandler                   0x08001ad7   Thumb Code     8  stm32l4xx_hal_cortex.o(i.HAL_SYSTICK_IRQHandler)
    HAL_UART_Init                            0x08001adf   Thumb Code   106  stm32l4xx_hal_uart.o(i.HAL_UART_Init)
    HAL_UART_MspInit                         0x08001b49   Thumb Code    64  usart_1.o(i.HAL_UART_MspInit)
    HardFault_Handler                        0x08001b91   Thumb Code     2  stm32l4xx_it_1.o(i.HardFault_Handler)
    I2C1_EV_IRQHandler                       0x08001b95   Thumb Code     6  stm32l4xx_it_1.o(i.I2C1_EV_IRQHandler)
    LPTIM1_IRQHandler                        0x08001ba1   Thumb Code    26  stm32l4xx_it_1.o(i.LPTIM1_IRQHandler)
    MX_GPIO_Init                             0x08001bc5   Thumb Code   268  gpio_1.o(i.MX_GPIO_Init)
    MX_I2C1_Init                             0x08001ce9   Thumb Code    88  i2c_1.o(i.MX_I2C1_Init)
    MX_IWDG_Init                             0x08001d5d   Thumb Code    42  iwdg.o(i.MX_IWDG_Init)
    MX_LPTIM1_Init                           0x08001da1   Thumb Code    52  lptim_1.o(i.MX_LPTIM1_Init)
    MX_RTC_Init                              0x08001df1   Thumb Code   144  rtc_1.o(i.MX_RTC_Init)
    MX_SPI1_Init                             0x08001e99   Thumb Code    74  spi_1.o(i.MX_SPI1_Init)
    MX_USART2_UART_Init                      0x08001efd   Thumb Code    56  usart_1.o(i.MX_USART2_UART_Init)
    MemManage_Handler                        0x08001f51   Thumb Code     2  stm32l4xx_it_1.o(i.MemManage_Handler)
    NMI_Handler                              0x08001f53   Thumb Code     2  stm32l4xx_it_1.o(i.NMI_Handler)
    PendSV_Handler                           0x08001f75   Thumb Code     2  stm32l4xx_it_1.o(i.PendSV_Handler)
    RTC_Bcd2ToByte                           0x08002229   Thumb Code    18  stm32l4xx_hal_rtc.o(i.RTC_Bcd2ToByte)
    RTC_ByteToBcd2                           0x0800223b   Thumb Code    22  stm32l4xx_hal_rtc.o(i.RTC_ByteToBcd2)
    RTC_EnterInitMode                        0x08002251   Thumb Code    58  stm32l4xx_hal_rtc.o(i.RTC_EnterInitMode)
    RTC_WKUP_IRQHandler                      0x0800228d   Thumb Code     6  stm32l4xx_it_1.o(i.RTC_WKUP_IRQHandler)
    SVC_Handler                              0x08002299   Thumb Code     2  stm32l4xx_it_1.o(i.SVC_Handler)
    SysTick_Handler                          0x0800229b   Thumb Code    14  stm32l4xx_it_1.o(i.SysTick_Handler)
    SystemClock_Config                       0x080022a9   Thumb Code   152  main_1.o(i.SystemClock_Config)
    SystemInit                               0x08002345   Thumb Code    56  system_stm32l4xx_1.o(i.SystemInit)
    UART_AdvFeatureConfig                    0x08002389   Thumb Code   200  stm32l4xx_hal_uart.o(i.UART_AdvFeatureConfig)
    UART_CheckIdleState                      0x08002451   Thumb Code    92  stm32l4xx_hal_uart.o(i.UART_CheckIdleState)
    UART_SetConfig                           0x080024ad   Thumb Code   622  stm32l4xx_hal_uart.o(i.UART_SetConfig)
    UART_WaitOnFlagUntilTimeout              0x0800274d   Thumb Code   100  stm32l4xx_hal_uart.o(i.UART_WaitOnFlagUntilTimeout)
    UsageFault_Handler                       0x080027b1   Thumb Code     2  stm32l4xx_it_1.o(i.UsageFault_Handler)
    _Error_Handler                           0x080027b3   Thumb Code     2  main_1.o(i._Error_Handler)
    McuSTM32L4::ExtISR()                     0x080027b5   Thumb Code    16  stm32l4xx_it_1.o(i._ZN10McuSTM32L46ExtISREv)
    McuSTM32L4::DoNothing(void*)             0x080027c5   Thumb Code     2  classstm32l4.o(i._ZN10McuSTM32L49DoNothingEPv)
    McuSTM32L4::McuSTM32L4(PinName, PinName, PinName) 0x080027c9   Thumb Code    18  classstm32l4.o(i._ZN10McuSTM32L4C1E7PinNameS0_S0_)
    McuSTM32L4::McuSTM32L4__sub_object(PinName, PinName, PinName) 0x080027c9   Thumb Code     0  classstm32l4.o(i._ZN10McuSTM32L4C1E7PinNameS0_S0_)
    McuSTM32L4::~McuSTM32L4()                0x080027e1   Thumb Code     2  classstm32l4.o(i._ZN10McuSTM32L4D1Ev)
    McuSTM32L4::~McuSTM32L4__sub_object()    0x080027e1   Thumb Code     0  classstm32l4.o(i._ZN10McuSTM32L4D1Ev)
    __scatterload_copy                       0x080027e3   Thumb Code    14  handlers.o(i.__scatterload_copy)
    __scatterload_null                       0x080027f1   Thumb Code     2  handlers.o(i.__scatterload_null)
    __scatterload_zeroinit                   0x080027f3   Thumb Code    14  handlers.o(i.__scatterload_zeroinit)
    free                                     0x08002829   Thumb Code    76  malloc.o(i.free)
    main                                     0x08002879   Thumb Code    38  main_1.o(i.main)
    malloc                                   0x080028a1   Thumb Code    92  malloc.o(i.malloc)
    McuXX<McuSTM32L4>::~McuXX()              0x0800290d   Thumb Code     4  main_1.o(t._ZN5McuXXI10McuSTM32L4ED1Ev)
    McuXX<McuSTM32L4>::~McuXX__sub_object()  0x0800290d   Thumb Code     0  main_1.o(t._ZN5McuXXI10McuSTM32L4ED1Ev)
    AHBPrescTable                            0x08002910   Data          16  system_stm32l4xx_1.o(.constdata)
    MSIRangeTable                            0x08002920   Data          48  system_stm32l4xx_1.o(.constdata)
    APBPrescTable                            0x08002950   Data           8  system_stm32l4xx_1.o(.constdata)
    Region$$Table$$Base                      0x08002958   Number         0  anon$$obj.o(Region$$Table)
    Region$$Table$$Limit                     0x08002978   Number         0  anon$$obj.o(Region$$Table)
    SHT$$INIT_ARRAY$$Base                    0x08002978   Number         0  main_1.o(.init_array)
    SHT$$INIT_ARRAY$$Limit                   0x0800297c   Number         0  cpp_init.o(.init_array)
    SystemCoreClock                          0x20000000   Data           4  system_stm32l4xx_1.o(.data)
    uwTick                                   0x20000004   Data           4  stm32l4xx_hal.o(.data)
    __microlib_freelist                      0x2000000c   Data           4  mvars.o(.data)
    __microlib_freelist_initialised          0x20000010   Data           4  mvars.o(.data)
    hi2c1                                    0x20000014   Data          76  i2c_1.o(.bss)
    hlptim1                                  0x20000060   Data          56  lptim_1.o(.bss)
    mcu                                      0x20000098   Data          32  main_1.o(.bss)
    hrtc                                     0x200000b8   Data          36  rtc_1.o(.bss)
    hspi1                                    0x200000dc   Data         100  spi_1.o(.bss)
    huart2                                   0x20000140   Data         120  usart_1.o(.bss)
    hiwdg                                    0x200001b8   Data          16  iwdg.o(.bss)
    __heap_base                              0x200001c8   Data           0  startup_stm32l476xx.o(HEAP)
    __heap_limit                             0x200005c8   Data           0  startup_stm32l476xx.o(HEAP)
    __initial_sp                             0x20000dc8   Data           0  startup_stm32l476xx.o(STACK)



==============================================================================

Memory Map of the image

  Image Entry point : 0x08000189

  Load Region LR_IROM1 (Base: 0x08000000, Size: 0x00002990, Max: 0x00100000, ABSOLUTE)

    Execution Region ER_IROM1 (Exec base: 0x08000000, Load base: 0x08000000, Size: 0x0000297c, Max: 0x00100000, ABSOLUTE)

    Exec Addr    Load Addr    Size         Type   Attr      Idx    E Section Name        Object

    0x08000000   0x08000000   0x00000188   Data   RO            3    RESET               startup_stm32l476xx.o
    0x08000188   0x08000188   0x00000000   Code   RO         4646  * .ARM.Collect$$$$00000000  mc_w.l(entry.o)
    0x08000188   0x08000188   0x00000004   Code   RO         4691    .ARM.Collect$$$$00000001  mc_w.l(entry2.o)
    0x0800018c   0x0800018c   0x00000004   Code   RO         4694    .ARM.Collect$$$$00000004  mc_w.l(entry5.o)
    0x08000190   0x08000190   0x00000000   Code   RO         4696    .ARM.Collect$$$$00000008  mc_w.l(entry7b.o)
    0x08000190   0x08000190   0x00000004   Code   RO         4697    .ARM.Collect$$$$00000009  mc_w.l(entry8a.o)
    0x08000194   0x08000194   0x00000000   Code   RO         4698    .ARM.Collect$$$$0000000A  mc_w.l(entry8b.o)
    0x08000194   0x08000194   0x00000008   Code   RO         4699    .ARM.Collect$$$$0000000B  mc_w.l(entry9a.o)
    0x0800019c   0x0800019c   0x00000000   Code   RO         4701    .ARM.Collect$$$$0000000D  mc_w.l(entry10a.o)
    0x0800019c   0x0800019c   0x00000004   Code   RO         4702    .ARM.Collect$$$$0000000E  mc_w.l(entry10b.o)
    0x080001a0   0x080001a0   0x00000000   Code   RO         4703    .ARM.Collect$$$$0000000F  mc_w.l(entry11a.o)
    0x080001a0   0x080001a0   0x00000004   Code   RO         4692    .ARM.Collect$$$$00002712  mc_w.l(entry2.o)
    0x080001a4   0x080001a4   0x00000024   Code   RO            4    .text               startup_stm32l476xx.o
    0x080001c8   0x080001c8   0x00000068   Code   RO         4649    .text               mc_w.l(uldiv.o)
    0x08000230   0x08000230   0x00000020   Code   RO         4687    .text               mc_w.l(cpp_init.o)
    0x08000250   0x08000250   0x0000002e   Code   RO         4689    .text               mc_w.l(aeabi_atexit.o)
    0x0800027e   0x0800027e   0x0000001e   Code   RO         4710    .text               mc_w.l(llshl.o)
    0x0800029c   0x0800029c   0x00000020   Code   RO         4712    .text               mc_w.l(llushr.o)
    0x080002bc   0x080002bc   0x00000008   Code   RO         4749    .text               mc_w.l(cpp_dtor.o)
    0x080002c4   0x080002c4   0x00000042   Code   RO         4752    .text               mc_w.l(cxa_finalize.o)
    0x08000306   0x08000306   0x00000002   PAD
    0x08000308   0x08000308   0x00000024   Code   RO         4764    .text               mc_w.l(init.o)
    0x0800032c   0x0800032c   0x00000002   Code   RO         4776    .text               mc_w.l(cpp_final.o)
    0x0800032e   0x0800032e   0x00000002   Code   RO          569    i.BusFault_Handler  stm32l4xx_it_1.o
    0x08000330   0x08000330   0x00000002   Code   RO          570    i.DebugMon_Handler  stm32l4xx_it_1.o
    0x08000332   0x08000332   0x00000002   PAD
    0x08000334   0x08000334   0x00000018   Code   RO          571    i.EXTI15_10_IRQHandler  stm32l4xx_it_1.o
    0x0800034c   0x0800034c   0x00000018   Code   RO          572    i.EXTI3_IRQHandler  stm32l4xx_it_1.o
    0x08000364   0x08000364   0x00000002   Code   RO         3651    i.HAL_GPIO_EXTI_Callback  stm32l4xx_hal_gpio.o
    0x08000366   0x08000366   0x00000002   PAD
    0x08000368   0x08000368   0x00000018   Code   RO         3652    i.HAL_GPIO_EXTI_IRQHandler  stm32l4xx_hal_gpio.o
    0x08000380   0x08000380   0x000001ca   Code   RO         3653    i.HAL_GPIO_Init     stm32l4xx_hal_gpio.o
    0x0800054a   0x0800054a   0x0000000a   Code   RO         3657    i.HAL_GPIO_WritePin  stm32l4xx_hal_gpio.o
    0x08000554   0x08000554   0x0000000c   Code   RO         2997    i.HAL_GetTick       stm32l4xx_hal.o
    0x08000560   0x08000560   0x00000056   Code   RO         1440    i.HAL_I2CEx_ConfigAnalogFilter  stm32l4xx_hal_i2c_ex.o
    0x080005b6   0x080005b6   0x00000052   Code   RO         1441    i.HAL_I2CEx_ConfigDigitalFilter  stm32l4xx_hal_i2c_ex.o
    0x08000608   0x08000608   0x00000010   Code   RO          870    i.HAL_I2C_EV_IRQHandler  stm32l4xx_hal_i2c.o
    0x08000618   0x08000618   0x000000bc   Code   RO          876    i.HAL_I2C_Init      stm32l4xx_hal_i2c.o
    0x080006d4   0x080006d4   0x0000005c   Code   RO          159    i.HAL_I2C_MspInit   i2c_1.o
    0x08000730   0x08000730   0x0000005e   Code   RO         4324    i.HAL_IWDG_Init     stm32l4xx_hal_iwdg.o
    0x0800078e   0x0800078e   0x00000002   PAD
    0x08000790   0x08000790   0x00000010   Code   RO         3001    i.HAL_IncTick       stm32l4xx_hal.o
    0x080007a0   0x080007a0   0x00000016   Code   RO         3002    i.HAL_Init          stm32l4xx_hal.o
    0x080007b6   0x080007b6   0x00000002   PAD
    0x080007b8   0x080007b8   0x00000028   Code   RO         3003    i.HAL_InitTick      stm32l4xx_hal.o
    0x080007e0   0x080007e0   0x00000002   Code   RO         1494    i.HAL_LPTIM_AutoReloadMatchCallback  stm32l4xx_hal_lptim.o
    0x080007e2   0x080007e2   0x00000002   Code   RO         1495    i.HAL_LPTIM_AutoReloadWriteCallback  stm32l4xx_hal_lptim.o
    0x080007e4   0x080007e4   0x00000002   Code   RO         1496    i.HAL_LPTIM_CompareMatchCallback  stm32l4xx_hal_lptim.o
    0x080007e6   0x080007e6   0x00000002   Code   RO         1497    i.HAL_LPTIM_CompareWriteCallback  stm32l4xx_hal_lptim.o
    0x080007e8   0x080007e8   0x00000002   Code   RO         1503    i.HAL_LPTIM_DirectionDownCallback  stm32l4xx_hal_lptim.o
    0x080007ea   0x080007ea   0x00000002   Code   RO         1504    i.HAL_LPTIM_DirectionUpCallback  stm32l4xx_hal_lptim.o
    0x080007ec   0x080007ec   0x000000ca   Code   RO         1510    i.HAL_LPTIM_IRQHandler  stm32l4xx_hal_lptim.o
    0x080008b6   0x080008b6   0x00000002   PAD
    0x080008b8   0x080008b8   0x000000a4   Code   RO         1511    i.HAL_LPTIM_Init    stm32l4xx_hal_lptim.o
    0x0800095c   0x0800095c   0x0000003c   Code   RO          204    i.HAL_LPTIM_MspInit  lptim_1.o
    0x08000998   0x08000998   0x00000024   Code   RO         1531    i.HAL_LPTIM_TimeOut_Stop  stm32l4xx_hal_lptim.o
    0x080009bc   0x080009bc   0x00000002   Code   RO         1533    i.HAL_LPTIM_TriggerCallback  stm32l4xx_hal_lptim.o
    0x080009be   0x080009be   0x00000002   PAD
    0x080009c0   0x080009c0   0x00000080   Code   RO          434    i.HAL_MspInit       stm32l4xx_hal_msp_1.o
    0x08000a40   0x08000a40   0x00000016   Code   RO         4194    i.HAL_NVIC_EnableIRQ  stm32l4xx_hal_cortex.o
    0x08000a56   0x08000a56   0x00000002   PAD
    0x08000a58   0x08000a58   0x00000040   Code   RO         4200    i.HAL_NVIC_SetPriority  stm32l4xx_hal_cortex.o
    0x08000a98   0x08000a98   0x00000024   Code   RO         4201    i.HAL_NVIC_SetPriorityGrouping  stm32l4xx_hal_cortex.o
    0x08000abc   0x08000abc   0x00000064   Code   RO         3944    i.HAL_PWREx_ControlVoltageScaling  stm32l4xx_hal_pwr_ex.o
    0x08000b20   0x08000b20   0x00000010   Code   RO         3975    i.HAL_PWREx_GetVoltageRange  stm32l4xx_hal_pwr_ex.o
    0x08000b30   0x08000b30   0x000003ae   Code   RO         3315    i.HAL_RCCEx_PeriphCLKConfig  stm32l4xx_hal_rcc_ex.o
    0x08000ede   0x08000ede   0x00000002   PAD
    0x08000ee0   0x08000ee0   0x00000114   Code   RO         3200    i.HAL_RCC_ClockConfig  stm32l4xx_hal_rcc.o
    0x08000ff4   0x08000ff4   0x0000000c   Code   RO         3204    i.HAL_RCC_GetHCLKFreq  stm32l4xx_hal_rcc.o
    0x08001000   0x08001000   0x00000020   Code   RO         3206    i.HAL_RCC_GetPCLK1Freq  stm32l4xx_hal_rcc.o
    0x08001020   0x08001020   0x00000020   Code   RO         3207    i.HAL_RCC_GetPCLK2Freq  stm32l4xx_hal_rcc.o
    0x08001040   0x08001040   0x000000c4   Code   RO         3208    i.HAL_RCC_GetSysClockFreq  stm32l4xx_hal_rcc.o
    0x08001104   0x08001104   0x0000046c   Code   RO         3211    i.HAL_RCC_OscConfig  stm32l4xx_hal_rcc.o
    0x08001570   0x08001570   0x00000106   Code   RO         1918    i.HAL_RTCEx_SetWakeUpTimer_IT  stm32l4xx_hal_rtc_ex.o
    0x08001676   0x08001676   0x00000002   Code   RO         1924    i.HAL_RTCEx_WakeUpTimerEventCallback  stm32l4xx_hal_rtc_ex.o
    0x08001678   0x08001678   0x00000034   Code   RO         1925    i.HAL_RTCEx_WakeUpTimerIRQHandler  stm32l4xx_hal_rtc_ex.o
    0x080016ac   0x080016ac   0x000000b8   Code   RO         1760    i.HAL_RTC_Init      stm32l4xx_hal_rtc.o
    0x08001764   0x08001764   0x00000034   Code   RO          345    i.HAL_RTC_MspInit   rtc_1.o
    0x08001798   0x08001798   0x000000d8   Code   RO         1766    i.HAL_RTC_SetDate   stm32l4xx_hal_rtc.o
    0x08001870   0x08001870   0x000000f8   Code   RO         1767    i.HAL_RTC_SetTime   stm32l4xx_hal_rtc.o
    0x08001968   0x08001968   0x00000036   Code   RO         1768    i.HAL_RTC_WaitForSynchro  stm32l4xx_hal_rtc.o
    0x0800199e   0x0800199e   0x000000ac   Code   RO         2140    i.HAL_SPI_Init      stm32l4xx_hal_spi.o
    0x08001a4a   0x08001a4a   0x00000002   PAD
    0x08001a4c   0x08001a4c   0x00000048   Code   RO          390    i.HAL_SPI_MspInit   spi_1.o
    0x08001a94   0x08001a94   0x00000018   Code   RO         4203    i.HAL_SYSTICK_CLKSourceConfig  stm32l4xx_hal_cortex.o
    0x08001aac   0x08001aac   0x00000002   Code   RO         4204    i.HAL_SYSTICK_Callback  stm32l4xx_hal_cortex.o
    0x08001aae   0x08001aae   0x00000028   Code   RO         4205    i.HAL_SYSTICK_Config  stm32l4xx_hal_cortex.o
    0x08001ad6   0x08001ad6   0x00000008   Code   RO         4206    i.HAL_SYSTICK_IRQHandler  stm32l4xx_hal_cortex.o
    0x08001ade   0x08001ade   0x0000006a   Code   RO         2542    i.HAL_UART_Init     stm32l4xx_hal_uart.o
    0x08001b48   0x08001b48   0x00000048   Code   RO          752    i.HAL_UART_MspInit  usart_1.o
    0x08001b90   0x08001b90   0x00000002   Code   RO          573    i.HardFault_Handler  stm32l4xx_it_1.o
    0x08001b92   0x08001b92   0x00000002   PAD
    0x08001b94   0x08001b94   0x0000000c   Code   RO          574    i.I2C1_EV_IRQHandler  stm32l4xx_it_1.o
    0x08001ba0   0x08001ba0   0x00000024   Code   RO          575    i.LPTIM1_IRQHandler  stm32l4xx_it_1.o
    0x08001bc4   0x08001bc4   0x00000124   Code   RO           13    i.MX_GPIO_Init      gpio_1.o
    0x08001ce8   0x08001ce8   0x00000074   Code   RO          160    i.MX_I2C1_Init      i2c_1.o
    0x08001d5c   0x08001d5c   0x00000044   Code   RO          834    i.MX_IWDG_Init      iwdg.o
    0x08001da0   0x08001da0   0x00000050   Code   RO          205    i.MX_LPTIM1_Init    lptim_1.o
    0x08001df0   0x08001df0   0x000000a8   Code   RO          346    i.MX_RTC_Init       rtc_1.o
    0x08001e98   0x08001e98   0x00000064   Code   RO          391    i.MX_SPI1_Init      spi_1.o
    0x08001efc   0x08001efc   0x00000054   Code   RO          753    i.MX_USART2_UART_Init  usart_1.o
    0x08001f50   0x08001f50   0x00000002   Code   RO          576    i.MemManage_Handler  stm32l4xx_it_1.o
    0x08001f52   0x08001f52   0x00000002   Code   RO          577    i.NMI_Handler       stm32l4xx_it_1.o
    0x08001f54   0x08001f54   0x00000020   Code   RO         4207    i.NVIC_SetPriority  stm32l4xx_hal_cortex.o
    0x08001f74   0x08001f74   0x00000002   Code   RO          578    i.PendSV_Handler    stm32l4xx_it_1.o
    0x08001f76   0x08001f76   0x00000002   PAD
    0x08001f78   0x08001f78   0x0000012c   Code   RO         3318    i.RCCEx_PLLSAI1_Config  stm32l4xx_hal_rcc_ex.o
    0x080020a4   0x080020a4   0x00000108   Code   RO         3319    i.RCCEx_PLLSAI2_Config  stm32l4xx_hal_rcc_ex.o
    0x080021ac   0x080021ac   0x0000007c   Code   RO         3212    i.RCC_SetFlashLatencyFromMSIRange  stm32l4xx_hal_rcc.o
    0x08002228   0x08002228   0x00000012   Code   RO         1769    i.RTC_Bcd2ToByte    stm32l4xx_hal_rtc.o
    0x0800223a   0x0800223a   0x00000016   Code   RO         1770    i.RTC_ByteToBcd2    stm32l4xx_hal_rtc.o
    0x08002250   0x08002250   0x0000003a   Code   RO         1771    i.RTC_EnterInitMode  stm32l4xx_hal_rtc.o
    0x0800228a   0x0800228a   0x00000002   PAD
    0x0800228c   0x0800228c   0x0000000c   Code   RO          579    i.RTC_WKUP_IRQHandler  stm32l4xx_it_1.o
    0x08002298   0x08002298   0x00000002   Code   RO          580    i.SVC_Handler       stm32l4xx_it_1.o
    0x0800229a   0x0800229a   0x0000000e   Code   RO          581    i.SysTick_Handler   stm32l4xx_it_1.o
    0x080022a8   0x080022a8   0x0000009c   Code   RO          248    i.SystemClock_Config  main_1.o
    0x08002344   0x08002344   0x00000044   Code   RO          712    i.SystemInit        system_stm32l4xx_1.o
    0x08002388   0x08002388   0x000000c8   Code   RO         2555    i.UART_AdvFeatureConfig  stm32l4xx_hal_uart.o
    0x08002450   0x08002450   0x0000005c   Code   RO         2556    i.UART_CheckIdleState  stm32l4xx_hal_uart.o
    0x080024ac   0x080024ac   0x000002a0   Code   RO         2571    i.UART_SetConfig    stm32l4xx_hal_uart.o
    0x0800274c   0x0800274c   0x00000064   Code   RO         2574    i.UART_WaitOnFlagUntilTimeout  stm32l4xx_hal_uart.o
    0x080027b0   0x080027b0   0x00000002   Code   RO          582    i.UsageFault_Handler  stm32l4xx_it_1.o
    0x080027b2   0x080027b2   0x00000002   Code   RO          249    i._Error_Handler    main_1.o
    0x080027b4   0x080027b4   0x00000010   Code   RO          679    i._ZN10McuSTM32L46ExtISREv  stm32l4xx_it_1.o
    0x080027c4   0x080027c4   0x00000002   Code   RO         4606    i._ZN10McuSTM32L49DoNothingEPv  classstm32l4.o
    0x080027c6   0x080027c6   0x00000002   PAD
    0x080027c8   0x080027c8   0x00000018   Code   RO         4389    i._ZN10McuSTM32L4C1E7PinNameS0_S0_  classstm32l4.o
    0x080027e0   0x080027e0   0x00000002   Code   RO         4390    i._ZN10McuSTM32L4D1Ev  classstm32l4.o
    0x080027e2   0x080027e2   0x0000000e   Code   RO         4782    i.__scatterload_copy  mc_w.l(handlers.o)
    0x080027f0   0x080027f0   0x00000002   Code   RO         4783    i.__scatterload_null  mc_w.l(handlers.o)
    0x080027f2   0x080027f2   0x0000000e   Code   RO         4784    i.__scatterload_zeroinit  mc_w.l(handlers.o)
    0x08002800   0x08002800   0x00000028   Code   RO          250    i.__sti___8_main_cpp_mcu  main_1.o
    0x08002828   0x08002828   0x00000050   Code   RO         4720    i.free              mc_w.l(malloc.o)
    0x08002878   0x08002878   0x00000026   Code   RO          251    i.main              main_1.o
    0x0800289e   0x0800289e   0x00000002   PAD
    0x080028a0   0x080028a0   0x0000006c   Code   RO         4721    i.malloc            mc_w.l(malloc.o)
    0x0800290c   0x0800290c   0x00000004   Code   RO          287    t._ZN5McuXXI10McuSTM32L4ED1Ev  main_1.o
    0x08002910   0x08002910   0x00000040   Data   RO          715    .constdata          system_stm32l4xx_1.o
    0x08002950   0x08002950   0x00000008   Data   RO          716    .constdata          system_stm32l4xx_1.o
    0x08002958   0x08002958   0x00000020   Data   RO         4780    Region$$Table       anon$$obj.o
    0x08002978   0x08002978   0x00000004   Data   RO          257    .init_array         main_1.o
    0x0800297c   0x08002978   0x00000000   Data   RO         4685    .init_array         mc_w.l(cpp_init.o)


    Execution Region RW_IRAM1 (Exec base: 0x20000000, Load base: 0x0800297c, Size: 0x00000dc8, Max: 0x00018000, ABSOLUTE)

    Exec Addr    Load Addr    Size         Type   Attr      Idx    E Section Name        Object

    0x20000000   0x0800297c   0x00000004   Data   RW          717    .data               system_stm32l4xx_1.o
    0x20000004   0x08002980   0x00000004   Data   RW         3018    .data               stm32l4xx_hal.o
    0x20000008   0x08002984   0x00000004   Data   RW         4750    .data               mc_w.l(cpp_dtor.o)
    0x2000000c   0x08002988   0x00000004   Data   RW         4773    .data               mc_w.l(mvars.o)
    0x20000010   0x0800298c   0x00000004   Data   RW         4774    .data               mc_w.l(mvars.o)
    0x20000014        -       0x0000004c   Zero   RW          164    .bss                i2c_1.o
    0x20000060        -       0x00000038   Zero   RW          209    .bss                lptim_1.o
    0x20000098        -       0x00000020   Zero   RW          256    .bss                main_1.o
    0x200000b8        -       0x00000024   Zero   RW          350    .bss                rtc_1.o
    0x200000dc        -       0x00000064   Zero   RW          395    .bss                spi_1.o
    0x20000140        -       0x00000078   Zero   RW          757    .bss                usart_1.o
    0x200001b8        -       0x00000010   Zero   RW          836    .bss                iwdg.o
    0x200001c8        -       0x00000400   Zero   RW            2    HEAP                startup_stm32l476xx.o
    0x200005c8        -       0x00000800   Zero   RW            1    STACK               startup_stm32l476xx.o


==============================================================================

Image component sizes


      Code (inc. data)   RO Data    RW Data    ZI Data      Debug   Object Name

        28          6          0          0          0       4304   classstm32l4.o
       292         24          0          0          0     824975   gpio_1.o
       208         40          0          0         76       1741   i2c_1.o
        68         26          0          0         16        743   iwdg.o
       140         38          0          0         56       1675   lptim_1.o
       240         18          4          0         32       6336   main_1.o
       220         32          0          0         36       1715   rtc_1.o
       172         34          0          0        100       1725   spi_1.o
        36          8        392          0       3072        848   startup_stm32l476xx.o
        90         18          0          4          0       3595   stm32l4xx_hal.o
       228         14          0          0          0      32257   stm32l4xx_hal_cortex.o
       494         44          0          0          0       3768   stm32l4xx_hal_gpio.o
       204          4          0          0          0     846575   stm32l4xx_hal_i2c.o
       168          0          0          0          0       1947   stm32l4xx_hal_i2c_ex.o
        94          0          0          0          0       1204   stm32l4xx_hal_iwdg.o
       416          8          0          0          0       6749   stm32l4xx_hal_lptim.o
       128          6          0          0          0     663386   stm32l4xx_hal_msp_1.o
       116         20          0          0          0       1390   stm32l4xx_hal_pwr_ex.o
      1804         92          0          0          0       7176   stm32l4xx_hal_rcc.o
      1506         44          0          0          0       4100   stm32l4xx_hal_rcc_ex.o
       800         12          0          0          0       6080   stm32l4xx_hal_rtc.o
       316         12          0          0          0       3289   stm32l4xx_hal_rtc_ex.o
       172          0          0          0          0       1279   stm32l4xx_hal_spi.o
      1170         70          0          0          0       5365   stm32l4xx_hal_uart.o
       154         32          0          0          0      10655   stm32l4xx_it_1.o
        68         12         72          4          0       1297   system_stm32l4xx_1.o
       156         36          0          0        120       1758   usart_1.o

    ----------------------------------------------------------------------
      9516        650        500          8       3508    2445932   Object Totals
         0          0         32          0          0          0   (incl. Generated)
        28          0          0          0          0          0   (incl. Padding)

    ----------------------------------------------------------------------

      Code (inc. data)   RO Data    RW Data    ZI Data      Debug   Library Member Name

        46          0          0          0          0         84   aeabi_atexit.o
         8          4          0          4          0         68   cpp_dtor.o
         2          0          0          0          0         68   cpp_final.o
        32         10          0          0          0         80   cpp_init.o
        66          0          0          0          0         84   cxa_finalize.o
         0          0          0          0          0          0   entry.o
         0          0          0          0          0          0   entry10a.o
         4          0          0          0          0          0   entry10b.o
         0          0          0          0          0          0   entry11a.o
         8          4          0          0          0          0   entry2.o
         4          0          0          0          0          0   entry5.o
         0          0          0          0          0          0   entry7b.o
         4          0          0          0          0          0   entry8a.o
         0          0          0          0          0          0   entry8b.o
         8          4          0          0          0          0   entry9a.o
        30          0          0          0          0          0   handlers.o
        36          8          0          0          0         68   init.o
        30          0          0          0          0         68   llshl.o
        32          0          0          0          0         68   llushr.o
       188         20          0          0          0        160   malloc.o
         0          0          0          8          0          0   mvars.o
       104          0          0          0          0         92   uldiv.o

    ----------------------------------------------------------------------
       604         50          0         12          0        840   Library Totals
         2          0          0          0          0          0   (incl. Padding)

    ----------------------------------------------------------------------

      Code (inc. data)   RO Data    RW Data    ZI Data      Debug   Library Name

       602         50          0         12          0        840   mc_w.l

    ----------------------------------------------------------------------
       604         50          0         12          0        840   Library Totals

    ----------------------------------------------------------------------

==============================================================================


      Code (inc. data)   RO Data    RW Data    ZI Data      Debug   

     10120        700        500         20       3508    2437764   Grand Totals
     10120        700        500         20       3508    2437764   ELF Image Totals
     10120        700        500         20          0          0   ROM Totals

==============================================================================

    Total RO  Size (Code + RO Data)                10620 (  10.37kB)
    Total RW  Size (RW Data + ZI Data)              3528 (   3.45kB)
    Total ROM Size (Code + RO Data + RW Data)      10640 (  10.39kB)

==============================================================================

